Archive member included because of file (symbol)

c:/program files (x86)/atmel/atmel toolchain/avr8 gcc/native/3.4.2.1002/avr8-gnu-toolchain/bin/../lib/gcc/avr/4.7.2/../../../../avr/lib/avr5\libm.a(addsf3.o)
                              m_loc.o (__subsf3)
c:/program files (x86)/atmel/atmel toolchain/avr8 gcc/native/3.4.2.1002/avr8-gnu-toolchain/bin/../lib/gcc/avr/4.7.2/../../../../avr/lib/avr5\libm.a(addsf3x.o)
                              c:/program files (x86)/atmel/atmel toolchain/avr8 gcc/native/3.4.2.1002/avr8-gnu-toolchain/bin/../lib/gcc/avr/4.7.2/../../../../avr/lib/avr5\libm.a(addsf3.o) (__addsf3x)
c:/program files (x86)/atmel/atmel toolchain/avr8 gcc/native/3.4.2.1002/avr8-gnu-toolchain/bin/../lib/gcc/avr/4.7.2/../../../../avr/lib/avr5\libm.a(atan2.o)
                              m_loc.o (atan2)
c:/program files (x86)/atmel/atmel toolchain/avr8 gcc/native/3.4.2.1002/avr8-gnu-toolchain/bin/../lib/gcc/avr/4.7.2/../../../../avr/lib/avr5\libm.a(atan.o)
                              c:/program files (x86)/atmel/atmel toolchain/avr8 gcc/native/3.4.2.1002/avr8-gnu-toolchain/bin/../lib/gcc/avr/4.7.2/../../../../avr/lib/avr5\libm.a(atan2.o) (atan)
c:/program files (x86)/atmel/atmel toolchain/avr8 gcc/native/3.4.2.1002/avr8-gnu-toolchain/bin/../lib/gcc/avr/4.7.2/../../../../avr/lib/avr5\libm.a(cmpsf2.o)
                              m_loc.o (__ltsf2)
c:/program files (x86)/atmel/atmel toolchain/avr8 gcc/native/3.4.2.1002/avr8-gnu-toolchain/bin/../lib/gcc/avr/4.7.2/../../../../avr/lib/avr5\libm.a(cos.o)
                              m_loc.o (cos)
c:/program files (x86)/atmel/atmel toolchain/avr8 gcc/native/3.4.2.1002/avr8-gnu-toolchain/bin/../lib/gcc/avr/4.7.2/../../../../avr/lib/avr5\libm.a(divsf3.o)
                              m_loc.o (__divsf3)
c:/program files (x86)/atmel/atmel toolchain/avr8 gcc/native/3.4.2.1002/avr8-gnu-toolchain/bin/../lib/gcc/avr/4.7.2/../../../../avr/lib/avr5\libm.a(divsf3x.o)
                              c:/program files (x86)/atmel/atmel toolchain/avr8 gcc/native/3.4.2.1002/avr8-gnu-toolchain/bin/../lib/gcc/avr/4.7.2/../../../../avr/lib/avr5\libm.a(divsf3.o) (__divsf3x)
c:/program files (x86)/atmel/atmel toolchain/avr8 gcc/native/3.4.2.1002/avr8-gnu-toolchain/bin/../lib/gcc/avr/4.7.2/../../../../avr/lib/avr5\libm.a(fixsfsi.o)
                              LocalTest.o (__fixsfsi)
c:/program files (x86)/atmel/atmel toolchain/avr8 gcc/native/3.4.2.1002/avr8-gnu-toolchain/bin/../lib/gcc/avr/4.7.2/../../../../avr/lib/avr5\libm.a(fixunssfsi.o)
                              c:/program files (x86)/atmel/atmel toolchain/avr8 gcc/native/3.4.2.1002/avr8-gnu-toolchain/bin/../lib/gcc/avr/4.7.2/../../../../avr/lib/avr5\libm.a(fixsfsi.o) (__fixunssfsi)
c:/program files (x86)/atmel/atmel toolchain/avr8 gcc/native/3.4.2.1002/avr8-gnu-toolchain/bin/../lib/gcc/avr/4.7.2/../../../../avr/lib/avr5\libm.a(floatsisf.o)
                              m_loc.o (__floatunsisf)
c:/program files (x86)/atmel/atmel toolchain/avr8 gcc/native/3.4.2.1002/avr8-gnu-toolchain/bin/../lib/gcc/avr/4.7.2/../../../../avr/lib/avr5\libm.a(fp_cmp.o)
                              c:/program files (x86)/atmel/atmel toolchain/avr8 gcc/native/3.4.2.1002/avr8-gnu-toolchain/bin/../lib/gcc/avr/4.7.2/../../../../avr/lib/avr5\libm.a(cmpsf2.o) (__fp_cmp)
c:/program files (x86)/atmel/atmel toolchain/avr8 gcc/native/3.4.2.1002/avr8-gnu-toolchain/bin/../lib/gcc/avr/4.7.2/../../../../avr/lib/avr5\libm.a(fp_inf.o)
                              c:/program files (x86)/atmel/atmel toolchain/avr8 gcc/native/3.4.2.1002/avr8-gnu-toolchain/bin/../lib/gcc/avr/4.7.2/../../../../avr/lib/avr5\libm.a(addsf3x.o) (__fp_inf)
c:/program files (x86)/atmel/atmel toolchain/avr8 gcc/native/3.4.2.1002/avr8-gnu-toolchain/bin/../lib/gcc/avr/4.7.2/../../../../avr/lib/avr5\libm.a(fp_nan.o)
                              c:/program files (x86)/atmel/atmel toolchain/avr8 gcc/native/3.4.2.1002/avr8-gnu-toolchain/bin/../lib/gcc/avr/4.7.2/../../../../avr/lib/avr5\libm.a(addsf3x.o) (__fp_nan)
c:/program files (x86)/atmel/atmel toolchain/avr8 gcc/native/3.4.2.1002/avr8-gnu-toolchain/bin/../lib/gcc/avr/4.7.2/../../../../avr/lib/avr5\libm.a(fp_powser.o)
                              c:/program files (x86)/atmel/atmel toolchain/avr8 gcc/native/3.4.2.1002/avr8-gnu-toolchain/bin/../lib/gcc/avr/4.7.2/../../../../avr/lib/avr5\libm.a(atan.o) (__fp_powser)
c:/program files (x86)/atmel/atmel toolchain/avr8 gcc/native/3.4.2.1002/avr8-gnu-toolchain/bin/../lib/gcc/avr/4.7.2/../../../../avr/lib/avr5\libm.a(fp_pscA.o)
                              c:/program files (x86)/atmel/atmel toolchain/avr8 gcc/native/3.4.2.1002/avr8-gnu-toolchain/bin/../lib/gcc/avr/4.7.2/../../../../avr/lib/avr5\libm.a(addsf3x.o) (__fp_pscA)
c:/program files (x86)/atmel/atmel toolchain/avr8 gcc/native/3.4.2.1002/avr8-gnu-toolchain/bin/../lib/gcc/avr/4.7.2/../../../../avr/lib/avr5\libm.a(fp_pscB.o)
                              c:/program files (x86)/atmel/atmel toolchain/avr8 gcc/native/3.4.2.1002/avr8-gnu-toolchain/bin/../lib/gcc/avr/4.7.2/../../../../avr/lib/avr5\libm.a(addsf3x.o) (__fp_pscB)
c:/program files (x86)/atmel/atmel toolchain/avr8 gcc/native/3.4.2.1002/avr8-gnu-toolchain/bin/../lib/gcc/avr/4.7.2/../../../../avr/lib/avr5\libm.a(fp_rempio2.o)
                              c:/program files (x86)/atmel/atmel toolchain/avr8 gcc/native/3.4.2.1002/avr8-gnu-toolchain/bin/../lib/gcc/avr/4.7.2/../../../../avr/lib/avr5\libm.a(cos.o) (__fp_rempio2)
c:/program files (x86)/atmel/atmel toolchain/avr8 gcc/native/3.4.2.1002/avr8-gnu-toolchain/bin/../lib/gcc/avr/4.7.2/../../../../avr/lib/avr5\libm.a(fp_round.o)
                              c:/program files (x86)/atmel/atmel toolchain/avr8 gcc/native/3.4.2.1002/avr8-gnu-toolchain/bin/../lib/gcc/avr/4.7.2/../../../../avr/lib/avr5\libm.a(addsf3.o) (__fp_round)
c:/program files (x86)/atmel/atmel toolchain/avr8 gcc/native/3.4.2.1002/avr8-gnu-toolchain/bin/../lib/gcc/avr/4.7.2/../../../../avr/lib/avr5\libm.a(fp_sinus.o)
                              c:/program files (x86)/atmel/atmel toolchain/avr8 gcc/native/3.4.2.1002/avr8-gnu-toolchain/bin/../lib/gcc/avr/4.7.2/../../../../avr/lib/avr5\libm.a(cos.o) (__fp_sinus)
c:/program files (x86)/atmel/atmel toolchain/avr8 gcc/native/3.4.2.1002/avr8-gnu-toolchain/bin/../lib/gcc/avr/4.7.2/../../../../avr/lib/avr5\libm.a(fp_split3.o)
                              c:/program files (x86)/atmel/atmel toolchain/avr8 gcc/native/3.4.2.1002/avr8-gnu-toolchain/bin/../lib/gcc/avr/4.7.2/../../../../avr/lib/avr5\libm.a(addsf3x.o) (__fp_split3)
c:/program files (x86)/atmel/atmel toolchain/avr8 gcc/native/3.4.2.1002/avr8-gnu-toolchain/bin/../lib/gcc/avr/4.7.2/../../../../avr/lib/avr5\libm.a(fp_zero.o)
                              c:/program files (x86)/atmel/atmel toolchain/avr8 gcc/native/3.4.2.1002/avr8-gnu-toolchain/bin/../lib/gcc/avr/4.7.2/../../../../avr/lib/avr5\libm.a(addsf3x.o) (__fp_zero)
c:/program files (x86)/atmel/atmel toolchain/avr8 gcc/native/3.4.2.1002/avr8-gnu-toolchain/bin/../lib/gcc/avr/4.7.2/../../../../avr/lib/avr5\libm.a(gesf2.o)
                              m_loc.o (__gtsf2)
c:/program files (x86)/atmel/atmel toolchain/avr8 gcc/native/3.4.2.1002/avr8-gnu-toolchain/bin/../lib/gcc/avr/4.7.2/../../../../avr/lib/avr5\libm.a(inverse.o)
                              c:/program files (x86)/atmel/atmel toolchain/avr8 gcc/native/3.4.2.1002/avr8-gnu-toolchain/bin/../lib/gcc/avr/4.7.2/../../../../avr/lib/avr5\libm.a(atan.o) (inverse)
c:/program files (x86)/atmel/atmel toolchain/avr8 gcc/native/3.4.2.1002/avr8-gnu-toolchain/bin/../lib/gcc/avr/4.7.2/../../../../avr/lib/avr5\libm.a(mulsf3.o)
                              m_loc.o (__mulsf3)
c:/program files (x86)/atmel/atmel toolchain/avr8 gcc/native/3.4.2.1002/avr8-gnu-toolchain/bin/../lib/gcc/avr/4.7.2/../../../../avr/lib/avr5\libm.a(mulsf3x.o)
                              c:/program files (x86)/atmel/atmel toolchain/avr8 gcc/native/3.4.2.1002/avr8-gnu-toolchain/bin/../lib/gcc/avr/4.7.2/../../../../avr/lib/avr5\libm.a(atan.o) (__mulsf3x)
c:/program files (x86)/atmel/atmel toolchain/avr8 gcc/native/3.4.2.1002/avr8-gnu-toolchain/bin/../lib/gcc/avr/4.7.2/../../../../avr/lib/avr5\libm.a(sin.o)
                              m_loc.o (sin)
c:/program files (x86)/atmel/atmel toolchain/avr8 gcc/native/3.4.2.1002/avr8-gnu-toolchain/bin/../lib/gcc/avr/4.7.2/../../../../avr/lib/avr5\libm.a(sqrt.o)
                              m_loc.o (sqrt)
c:/program files (x86)/atmel/atmel toolchain/avr8 gcc/native/3.4.2.1002/avr8-gnu-toolchain/bin/../lib/gcc/avr/4.7.2/../../../../avr/lib/avr5\libm.a(square.o)
                              c:/program files (x86)/atmel/atmel toolchain/avr8 gcc/native/3.4.2.1002/avr8-gnu-toolchain/bin/../lib/gcc/avr/4.7.2/../../../../avr/lib/avr5\libm.a(atan.o) (square)
c:/program files (x86)/atmel/atmel toolchain/avr8 gcc/native/3.4.2.1002/avr8-gnu-toolchain/bin/../lib/gcc/avr/4.7.2/../../../../avr/lib/avr5\libm.a(fp_mpack.o)
                              c:/program files (x86)/atmel/atmel toolchain/avr8 gcc/native/3.4.2.1002/avr8-gnu-toolchain/bin/../lib/gcc/avr/4.7.2/../../../../avr/lib/avr5\libm.a(sqrt.o) (__fp_mpack)
c:/program files (x86)/atmel/atmel toolchain/avr8 gcc/native/3.4.2.1002/avr8-gnu-toolchain/bin/../lib/gcc/avr/4.7.2/../../../../avr/lib/avr5\libm.a(fp_norm2.o)
                              c:/program files (x86)/atmel/atmel toolchain/avr8 gcc/native/3.4.2.1002/avr8-gnu-toolchain/bin/../lib/gcc/avr/4.7.2/../../../../avr/lib/avr5\libm.a(sqrt.o) (__fp_norm2)
c:/program files (x86)/atmel/atmel toolchain/avr8 gcc/native/3.4.2.1002/avr8-gnu-toolchain/bin/../lib/gcc/avr/4.7.2/../../../../avr/lib/avr5\libm.a(fp_powsodd.o)
                              c:/program files (x86)/atmel/atmel toolchain/avr8 gcc/native/3.4.2.1002/avr8-gnu-toolchain/bin/../lib/gcc/avr/4.7.2/../../../../avr/lib/avr5\libm.a(fp_sinus.o) (__fp_powsodd)
c:/program files (x86)/atmel/atmel toolchain/avr8 gcc/native/3.4.2.1002/avr8-gnu-toolchain/bin/../lib/gcc/avr/4.7.2/avr5\libgcc.a(_exit.o)
                              c:/program files (x86)/atmel/atmel toolchain/avr8 gcc/native/3.4.2.1002/avr8-gnu-toolchain/bin/../lib/gcc/avr/4.7.2/../../../../avr/lib/avr5/crtm32u4.o (exit)
c:/program files (x86)/atmel/atmel toolchain/avr8 gcc/native/3.4.2.1002/avr8-gnu-toolchain/bin/../lib/gcc/avr/4.7.2/avr5\libgcc.a(_tablejump.o)
                              m_usb.o (__tablejump2__)
c:/program files (x86)/atmel/atmel toolchain/avr8 gcc/native/3.4.2.1002/avr8-gnu-toolchain/bin/../lib/gcc/avr/4.7.2/avr5\libgcc.a(_copy_data.o)
                              m_loc.o (__do_copy_data)
c:/program files (x86)/atmel/atmel toolchain/avr8 gcc/native/3.4.2.1002/avr8-gnu-toolchain/bin/../lib/gcc/avr/4.7.2/avr5\libgcc.a(_clear_bss.o)
                              LocalTest.o (__do_clear_bss)
c:/program files (x86)/atmel/atmel toolchain/avr8 gcc/native/3.4.2.1002/avr8-gnu-toolchain/bin/../lib/gcc/avr/4.7.2/../../../../avr/lib/avr5\libc.a(itoa.o)
                              m_usb.o (itoa)
c:/program files (x86)/atmel/atmel toolchain/avr8 gcc/native/3.4.2.1002/avr8-gnu-toolchain/bin/../lib/gcc/avr/4.7.2/../../../../avr/lib/avr5\libc.a(ltoa.o)
                              m_usb.o (ltoa)
c:/program files (x86)/atmel/atmel toolchain/avr8 gcc/native/3.4.2.1002/avr8-gnu-toolchain/bin/../lib/gcc/avr/4.7.2/../../../../avr/lib/avr5\libc.a(ultoa.o)
                              m_usb.o (ultoa)
c:/program files (x86)/atmel/atmel toolchain/avr8 gcc/native/3.4.2.1002/avr8-gnu-toolchain/bin/../lib/gcc/avr/4.7.2/../../../../avr/lib/avr5\libc.a(utoa.o)
                              m_usb.o (utoa)
c:/program files (x86)/atmel/atmel toolchain/avr8 gcc/native/3.4.2.1002/avr8-gnu-toolchain/bin/../lib/gcc/avr/4.7.2/../../../../avr/lib/avr5\libc.a(strrev.o)
                              c:/program files (x86)/atmel/atmel toolchain/avr8 gcc/native/3.4.2.1002/avr8-gnu-toolchain/bin/../lib/gcc/avr/4.7.2/../../../../avr/lib/avr5\libc.a(itoa.o) (strrev)
c:/program files (x86)/atmel/atmel toolchain/avr8 gcc/native/3.4.2.1002/avr8-gnu-toolchain/bin/../lib/gcc/avr/4.7.2/avr5\libgcc.a(_udivmodhi4.o)
                              c:/program files (x86)/atmel/atmel toolchain/avr8 gcc/native/3.4.2.1002/avr8-gnu-toolchain/bin/../lib/gcc/avr/4.7.2/../../../../avr/lib/avr5\libc.a(itoa.o) (__udivmodhi4)
c:/program files (x86)/atmel/atmel toolchain/avr8 gcc/native/3.4.2.1002/avr8-gnu-toolchain/bin/../lib/gcc/avr/4.7.2/avr5\libgcc.a(_udivmodsi4.o)
                              c:/program files (x86)/atmel/atmel toolchain/avr8 gcc/native/3.4.2.1002/avr8-gnu-toolchain/bin/../lib/gcc/avr/4.7.2/../../../../avr/lib/avr5\libc.a(ltoa.o) (__udivmodsi4)

Allocating common symbols
Common symbol       size              file

data                0x1c              LocalTest.o

Discarded input sections

 .bss           0x00000000        0x0 c:/program files (x86)/atmel/atmel toolchain/avr8 gcc/native/3.4.2.1002/avr8-gnu-toolchain/bin/../lib/gcc/avr/4.7.2/../../../../avr/lib/avr5/crtm32u4.o
 .text          0x00000000        0x0 LocalTest.o
 .bss           0x00000000        0x0 LocalTest.o
 .text.rotate   0x00000000       0x34 LocalTest.o
 .text.turn     0x00000000       0x4a LocalTest.o
 .text.reverse  0x00000000       0x26 LocalTest.o
 .text.forward  0x00000000       0x26 LocalTest.o
 .text.PT_cycle
                0x00000000        0x2 LocalTest.o
 .text.findPuck
                0x00000000        0x2 LocalTest.o
 .text.drive_to_puck
                0x00000000        0x2 LocalTest.o
 .text.drive_to_goal
                0x00000000        0x2 LocalTest.o
 .text.shoot    0x00000000       0x18 LocalTest.o
 .text.game_pause
                0x00000000        0xa LocalTest.o
 .text.game_resume
                0x00000000        0xa LocalTest.o
 .text.MATLAB_test
                0x00000000       0x62 LocalTest.o
 COMMON         0x00000000       0x1c LocalTest.o
 .text          0x00000000        0x0 m_bus.o
 .bss           0x00000000        0x0 m_bus.o
 .text.twi_read_byte
                0x00000000       0x16 m_bus.o
 .text.twi_stop
                0x00000000        0x8 m_bus.o
 .text.twi_wait_for_ack
                0x00000000       0x26 m_bus.o
 .text.twi_send_byte
                0x00000000       0x1e m_bus.o
 .text.twi_start
                0x00000000       0x58 m_bus.o
 .text.m_write_register
                0x00000000       0x3e m_bus.o
 .text.m_read_register
                0x00000000       0x42 m_bus.o
 .text          0x00000000        0x0 m_loc.o
 .bss           0x00000000        0x0 m_loc.o
 .text.getData  0x00000000       0x82 m_loc.o
 .text.determine_blobs
                0x00000000      0x504 m_loc.o
 .text.calibrate
                0x00000000       0xaa m_loc.o
 .text.local_init
                0x00000000       0x18 m_loc.o
 .text.localize
                0x00000000      0x442 m_loc.o
 .bss.recalibrate
                0x00000000        0x2 m_loc.o
 .bss.numlost   0x00000000        0x2 m_loc.o
 .bss.close2    0x00000000        0x2 m_loc.o
 .bss.close1    0x00000000        0x2 m_loc.o
 .bss.far2      0x00000000        0x2 m_loc.o
 .bss.far1      0x00000000        0x2 m_loc.o
 .bss.dcenter   0x00000000        0x4 m_loc.o
 .data.distmin  0x00000000        0x4 m_loc.o
 .bss.distmax   0x00000000        0x4 m_loc.o
 .bss.dist      0x00000000        0x4 m_loc.o
 .bss.y         0x00000000        0x8 m_loc.o
 .bss.x         0x00000000        0x8 m_loc.o
 .data.rcentery
                0x00000000        0x4 m_loc.o
 .data.rcenterx
                0x00000000        0x4 m_loc.o
 .bss.theta     0x00000000        0x4 m_loc.o
 .bss.beta      0x00000000        0x4 m_loc.o
 .bss.right     0x00000000        0x2 m_loc.o
 .bss.left      0x00000000        0x2 m_loc.o
 .bss.bottom    0x00000000        0x2 m_loc.o
 .bss.top       0x00000000        0x2 m_loc.o
 .bss.blobs     0x00000000       0x18 m_loc.o
 .text          0x00000000        0x0 m_usb.o
 .bss           0x00000000        0x0 m_usb.o
 .text.m_usb_init
                0x00000000       0x32 m_usb.o
 .text.m_usb_isconnected
                0x00000000        0x6 m_usb.o
 .text.m_usb_rx_char
                0x00000000       0x3c m_usb.o
 .text.m_usb_rx_available
                0x00000000       0x1e m_usb.o
 .text.m_usb_rx_flush
                0x00000000       0x2c m_usb.o
 .text.m_usb_tx_char
                0x00000000       0xb8 m_usb.o
 .text.usb_serial_putchar_nowait
                0x00000000       0x42 m_usb.o
 .text.usb_serial_write
                0x00000000      0x3c4 m_usb.o
 .progmem.gcc_sw_table.usb_serial_write
                0x00000000       0x82 m_usb.o
 .text.m_usb_tx_push
                0x00000000       0x20 m_usb.o
 .text.usb_serial_get_stopbits
                0x00000000        0x6 m_usb.o
 .text.usb_serial_get_paritytype
                0x00000000        0x6 m_usb.o
 .text.usb_serial_get_numbits
                0x00000000        0x6 m_usb.o
 .text.usb_serial_get_control
                0x00000000        0x6 m_usb.o
 .text.usb_serial_set_control
                0x00000000       0x50 m_usb.o
 .text.print_P  0x00000000       0x34 m_usb.o
 .text.phex1    0x00000000       0x12 m_usb.o
 .text.phex     0x00000000       0x18 m_usb.o
 .text.m_usb_tx_hex
                0x00000000       0x14 m_usb.o
 .text.m_usb_tx_hexchar
                0x00000000        0x6 m_usb.o
 .text.m_usb_tx_int
                0x00000000       0x6a m_usb.o
 .text.m_usb_tx_uint
                0x00000000       0x64 m_usb.o
 .text.m_usb_tx_long
                0x00000000       0x6a m_usb.o
 .text.m_usb_tx_ulong
                0x00000000       0x6a m_usb.o
 .bss.transmit_previous_timeout
                0x00000000        0x1 m_usb.o
 .text          0x00000000        0x0 m_wii.o
 .bss           0x00000000        0x0 m_wii.o
 .text.start_read
                0x00000000       0x34 m_wii.o
 .text.m_wii_read
                0x00000000      0x12a m_wii.o
 .text          0x00000000        0x0 c:/program files (x86)/atmel/atmel toolchain/avr8 gcc/native/3.4.2.1002/avr8-gnu-toolchain/bin/../lib/gcc/avr/4.7.2/../../../../avr/lib/avr5\libm.a(addsf3.o)
 .bss           0x00000000        0x0 c:/program files (x86)/atmel/atmel toolchain/avr8 gcc/native/3.4.2.1002/avr8-gnu-toolchain/bin/../lib/gcc/avr/4.7.2/../../../../avr/lib/avr5\libm.a(addsf3.o)
 .text.avr-libc.fplib
                0x00000000        0xa c:/program files (x86)/atmel/atmel toolchain/avr8 gcc/native/3.4.2.1002/avr8-gnu-toolchain/bin/../lib/gcc/avr/4.7.2/../../../../avr/lib/avr5\libm.a(addsf3.o)
 .text          0x00000000        0x0 c:/program files (x86)/atmel/atmel toolchain/avr8 gcc/native/3.4.2.1002/avr8-gnu-toolchain/bin/../lib/gcc/avr/4.7.2/../../../../avr/lib/avr5\libm.a(addsf3x.o)
 .bss           0x00000000        0x0 c:/program files (x86)/atmel/atmel toolchain/avr8 gcc/native/3.4.2.1002/avr8-gnu-toolchain/bin/../lib/gcc/avr/4.7.2/../../../../avr/lib/avr5\libm.a(addsf3x.o)
 .text.avr-libc.fplib
                0x00000000       0xc0 c:/program files (x86)/atmel/atmel toolchain/avr8 gcc/native/3.4.2.1002/avr8-gnu-toolchain/bin/../lib/gcc/avr/4.7.2/../../../../avr/lib/avr5\libm.a(addsf3x.o)
 .text          0x00000000        0x0 c:/program files (x86)/atmel/atmel toolchain/avr8 gcc/native/3.4.2.1002/avr8-gnu-toolchain/bin/../lib/gcc/avr/4.7.2/../../../../avr/lib/avr5\libm.a(atan2.o)
 .bss           0x00000000        0x0 c:/program files (x86)/atmel/atmel toolchain/avr8 gcc/native/3.4.2.1002/avr8-gnu-toolchain/bin/../lib/gcc/avr/4.7.2/../../../../avr/lib/avr5\libm.a(atan2.o)
 .text.avr-libc.fplib
                0x00000000       0x74 c:/program files (x86)/atmel/atmel toolchain/avr8 gcc/native/3.4.2.1002/avr8-gnu-toolchain/bin/../lib/gcc/avr/4.7.2/../../../../avr/lib/avr5\libm.a(atan2.o)
 .text          0x00000000        0x0 c:/program files (x86)/atmel/atmel toolchain/avr8 gcc/native/3.4.2.1002/avr8-gnu-toolchain/bin/../lib/gcc/avr/4.7.2/../../../../avr/lib/avr5\libm.a(atan.o)
 .bss           0x00000000        0x0 c:/program files (x86)/atmel/atmel toolchain/avr8 gcc/native/3.4.2.1002/avr8-gnu-toolchain/bin/../lib/gcc/avr/4.7.2/../../../../avr/lib/avr5\libm.a(atan.o)
 .text.avr-libc.fplib
                0x00000000       0x50 c:/program files (x86)/atmel/atmel toolchain/avr8 gcc/native/3.4.2.1002/avr8-gnu-toolchain/bin/../lib/gcc/avr/4.7.2/../../../../avr/lib/avr5\libm.a(atan.o)
 .progmem.gcc_fplib
                0x00000000       0x2d c:/program files (x86)/atmel/atmel toolchain/avr8 gcc/native/3.4.2.1002/avr8-gnu-toolchain/bin/../lib/gcc/avr/4.7.2/../../../../avr/lib/avr5\libm.a(atan.o)
 .text          0x00000000        0x0 c:/program files (x86)/atmel/atmel toolchain/avr8 gcc/native/3.4.2.1002/avr8-gnu-toolchain/bin/../lib/gcc/avr/4.7.2/../../../../avr/lib/avr5\libm.a(cmpsf2.o)
 .bss           0x00000000        0x0 c:/program files (x86)/atmel/atmel toolchain/avr8 gcc/native/3.4.2.1002/avr8-gnu-toolchain/bin/../lib/gcc/avr/4.7.2/../../../../avr/lib/avr5\libm.a(cmpsf2.o)
 .text.avr-libc.fplib
                0x00000000        0x8 c:/program files (x86)/atmel/atmel toolchain/avr8 gcc/native/3.4.2.1002/avr8-gnu-toolchain/bin/../lib/gcc/avr/4.7.2/../../../../avr/lib/avr5\libm.a(cmpsf2.o)
 .text          0x00000000        0x0 c:/program files (x86)/atmel/atmel toolchain/avr8 gcc/native/3.4.2.1002/avr8-gnu-toolchain/bin/../lib/gcc/avr/4.7.2/../../../../avr/lib/avr5\libm.a(cos.o)
 .bss           0x00000000        0x0 c:/program files (x86)/atmel/atmel toolchain/avr8 gcc/native/3.4.2.1002/avr8-gnu-toolchain/bin/../lib/gcc/avr/4.7.2/../../../../avr/lib/avr5\libm.a(cos.o)
 .text.avr-libc.fplib
                0x00000000        0x6 c:/program files (x86)/atmel/atmel toolchain/avr8 gcc/native/3.4.2.1002/avr8-gnu-toolchain/bin/../lib/gcc/avr/4.7.2/../../../../avr/lib/avr5\libm.a(cos.o)
 .text          0x00000000        0x0 c:/program files (x86)/atmel/atmel toolchain/avr8 gcc/native/3.4.2.1002/avr8-gnu-toolchain/bin/../lib/gcc/avr/4.7.2/../../../../avr/lib/avr5\libm.a(divsf3.o)
 .bss           0x00000000        0x0 c:/program files (x86)/atmel/atmel toolchain/avr8 gcc/native/3.4.2.1002/avr8-gnu-toolchain/bin/../lib/gcc/avr/4.7.2/../../../../avr/lib/avr5\libm.a(divsf3.o)
 .text.avr-libc.fplib
                0x00000000        0x4 c:/program files (x86)/atmel/atmel toolchain/avr8 gcc/native/3.4.2.1002/avr8-gnu-toolchain/bin/../lib/gcc/avr/4.7.2/../../../../avr/lib/avr5\libm.a(divsf3.o)
 .text          0x00000000        0x0 c:/program files (x86)/atmel/atmel toolchain/avr8 gcc/native/3.4.2.1002/avr8-gnu-toolchain/bin/../lib/gcc/avr/4.7.2/../../../../avr/lib/avr5\libm.a(divsf3x.o)
 .bss           0x00000000        0x0 c:/program files (x86)/atmel/atmel toolchain/avr8 gcc/native/3.4.2.1002/avr8-gnu-toolchain/bin/../lib/gcc/avr/4.7.2/../../../../avr/lib/avr5\libm.a(divsf3x.o)
 .text.avr-libc.fplib
                0x00000000       0xcc c:/program files (x86)/atmel/atmel toolchain/avr8 gcc/native/3.4.2.1002/avr8-gnu-toolchain/bin/../lib/gcc/avr/4.7.2/../../../../avr/lib/avr5\libm.a(divsf3x.o)
 .text          0x00000000        0x0 c:/program files (x86)/atmel/atmel toolchain/avr8 gcc/native/3.4.2.1002/avr8-gnu-toolchain/bin/../lib/gcc/avr/4.7.2/../../../../avr/lib/avr5\libm.a(fixsfsi.o)
 .bss           0x00000000        0x0 c:/program files (x86)/atmel/atmel toolchain/avr8 gcc/native/3.4.2.1002/avr8-gnu-toolchain/bin/../lib/gcc/avr/4.7.2/../../../../avr/lib/avr5\libm.a(fixsfsi.o)
 .text.avr-libc.fplib
                0x00000000        0xa c:/program files (x86)/atmel/atmel toolchain/avr8 gcc/native/3.4.2.1002/avr8-gnu-toolchain/bin/../lib/gcc/avr/4.7.2/../../../../avr/lib/avr5\libm.a(fixsfsi.o)
 .text          0x00000000        0x0 c:/program files (x86)/atmel/atmel toolchain/avr8 gcc/native/3.4.2.1002/avr8-gnu-toolchain/bin/../lib/gcc/avr/4.7.2/../../../../avr/lib/avr5\libm.a(fixunssfsi.o)
 .bss           0x00000000        0x0 c:/program files (x86)/atmel/atmel toolchain/avr8 gcc/native/3.4.2.1002/avr8-gnu-toolchain/bin/../lib/gcc/avr/4.7.2/../../../../avr/lib/avr5\libm.a(fixunssfsi.o)
 .text.avr-libc.fplib
                0x00000000       0x58 c:/program files (x86)/atmel/atmel toolchain/avr8 gcc/native/3.4.2.1002/avr8-gnu-toolchain/bin/../lib/gcc/avr/4.7.2/../../../../avr/lib/avr5\libm.a(fixunssfsi.o)
 .text          0x00000000        0x0 c:/program files (x86)/atmel/atmel toolchain/avr8 gcc/native/3.4.2.1002/avr8-gnu-toolchain/bin/../lib/gcc/avr/4.7.2/../../../../avr/lib/avr5\libm.a(floatsisf.o)
 .bss           0x00000000        0x0 c:/program files (x86)/atmel/atmel toolchain/avr8 gcc/native/3.4.2.1002/avr8-gnu-toolchain/bin/../lib/gcc/avr/4.7.2/../../../../avr/lib/avr5\libm.a(floatsisf.o)
 .text.avr-libc.fplib
                0x00000000       0x7a c:/program files (x86)/atmel/atmel toolchain/avr8 gcc/native/3.4.2.1002/avr8-gnu-toolchain/bin/../lib/gcc/avr/4.7.2/../../../../avr/lib/avr5\libm.a(floatsisf.o)
 .text          0x00000000        0x0 c:/program files (x86)/atmel/atmel toolchain/avr8 gcc/native/3.4.2.1002/avr8-gnu-toolchain/bin/../lib/gcc/avr/4.7.2/../../../../avr/lib/avr5\libm.a(fp_cmp.o)
 .bss           0x00000000        0x0 c:/program files (x86)/atmel/atmel toolchain/avr8 gcc/native/3.4.2.1002/avr8-gnu-toolchain/bin/../lib/gcc/avr/4.7.2/../../../../avr/lib/avr5\libm.a(fp_cmp.o)
 .text.avr-libc.fplib
                0x00000000       0x48 c:/program files (x86)/atmel/atmel toolchain/avr8 gcc/native/3.4.2.1002/avr8-gnu-toolchain/bin/../lib/gcc/avr/4.7.2/../../../../avr/lib/avr5\libm.a(fp_cmp.o)
 .text          0x00000000        0x0 c:/program files (x86)/atmel/atmel toolchain/avr8 gcc/native/3.4.2.1002/avr8-gnu-toolchain/bin/../lib/gcc/avr/4.7.2/../../../../avr/lib/avr5\libm.a(fp_inf.o)
 .bss           0x00000000        0x0 c:/program files (x86)/atmel/atmel toolchain/avr8 gcc/native/3.4.2.1002/avr8-gnu-toolchain/bin/../lib/gcc/avr/4.7.2/../../../../avr/lib/avr5\libm.a(fp_inf.o)
 .text.avr-libc.fplib
                0x00000000        0xc c:/program files (x86)/atmel/atmel toolchain/avr8 gcc/native/3.4.2.1002/avr8-gnu-toolchain/bin/../lib/gcc/avr/4.7.2/../../../../avr/lib/avr5\libm.a(fp_inf.o)
 .text          0x00000000        0x0 c:/program files (x86)/atmel/atmel toolchain/avr8 gcc/native/3.4.2.1002/avr8-gnu-toolchain/bin/../lib/gcc/avr/4.7.2/../../../../avr/lib/avr5\libm.a(fp_nan.o)
 .bss           0x00000000        0x0 c:/program files (x86)/atmel/atmel toolchain/avr8 gcc/native/3.4.2.1002/avr8-gnu-toolchain/bin/../lib/gcc/avr/4.7.2/../../../../avr/lib/avr5\libm.a(fp_nan.o)
 .text.avr-libc.fplib
                0x00000000        0x6 c:/program files (x86)/atmel/atmel toolchain/avr8 gcc/native/3.4.2.1002/avr8-gnu-toolchain/bin/../lib/gcc/avr/4.7.2/../../../../avr/lib/avr5\libm.a(fp_nan.o)
 .text          0x00000000        0x0 c:/program files (x86)/atmel/atmel toolchain/avr8 gcc/native/3.4.2.1002/avr8-gnu-toolchain/bin/../lib/gcc/avr/4.7.2/../../../../avr/lib/avr5\libm.a(fp_powser.o)
 .bss           0x00000000        0x0 c:/program files (x86)/atmel/atmel toolchain/avr8 gcc/native/3.4.2.1002/avr8-gnu-toolchain/bin/../lib/gcc/avr/4.7.2/../../../../avr/lib/avr5\libm.a(fp_powser.o)
 .text.avr-libc.fplib
                0x00000000       0x4a c:/program files (x86)/atmel/atmel toolchain/avr8 gcc/native/3.4.2.1002/avr8-gnu-toolchain/bin/../lib/gcc/avr/4.7.2/../../../../avr/lib/avr5\libm.a(fp_powser.o)
 .text          0x00000000        0x0 c:/program files (x86)/atmel/atmel toolchain/avr8 gcc/native/3.4.2.1002/avr8-gnu-toolchain/bin/../lib/gcc/avr/4.7.2/../../../../avr/lib/avr5\libm.a(fp_pscA.o)
 .bss           0x00000000        0x0 c:/program files (x86)/atmel/atmel toolchain/avr8 gcc/native/3.4.2.1002/avr8-gnu-toolchain/bin/../lib/gcc/avr/4.7.2/../../../../avr/lib/avr5\libm.a(fp_pscA.o)
 .text.avr-libc.fplib
                0x00000000        0xe c:/program files (x86)/atmel/atmel toolchain/avr8 gcc/native/3.4.2.1002/avr8-gnu-toolchain/bin/../lib/gcc/avr/4.7.2/../../../../avr/lib/avr5\libm.a(fp_pscA.o)
 .text          0x00000000        0x0 c:/program files (x86)/atmel/atmel toolchain/avr8 gcc/native/3.4.2.1002/avr8-gnu-toolchain/bin/../lib/gcc/avr/4.7.2/../../../../avr/lib/avr5\libm.a(fp_pscB.o)
 .bss           0x00000000        0x0 c:/program files (x86)/atmel/atmel toolchain/avr8 gcc/native/3.4.2.1002/avr8-gnu-toolchain/bin/../lib/gcc/avr/4.7.2/../../../../avr/lib/avr5\libm.a(fp_pscB.o)
 .text.avr-libc.fplib
                0x00000000        0xe c:/program files (x86)/atmel/atmel toolchain/avr8 gcc/native/3.4.2.1002/avr8-gnu-toolchain/bin/../lib/gcc/avr/4.7.2/../../../../avr/lib/avr5\libm.a(fp_pscB.o)
 .text          0x00000000        0x0 c:/program files (x86)/atmel/atmel toolchain/avr8 gcc/native/3.4.2.1002/avr8-gnu-toolchain/bin/../lib/gcc/avr/4.7.2/../../../../avr/lib/avr5\libm.a(fp_rempio2.o)
 .bss           0x00000000        0x0 c:/program files (x86)/atmel/atmel toolchain/avr8 gcc/native/3.4.2.1002/avr8-gnu-toolchain/bin/../lib/gcc/avr/4.7.2/../../../../avr/lib/avr5\libm.a(fp_rempio2.o)
 .text.avr-libc.fplib
                0x00000000       0x50 c:/program files (x86)/atmel/atmel toolchain/avr8 gcc/native/3.4.2.1002/avr8-gnu-toolchain/bin/../lib/gcc/avr/4.7.2/../../../../avr/lib/avr5\libm.a(fp_rempio2.o)
 .text          0x00000000        0x0 c:/program files (x86)/atmel/atmel toolchain/avr8 gcc/native/3.4.2.1002/avr8-gnu-toolchain/bin/../lib/gcc/avr/4.7.2/../../../../avr/lib/avr5\libm.a(fp_round.o)
 .bss           0x00000000        0x0 c:/program files (x86)/atmel/atmel toolchain/avr8 gcc/native/3.4.2.1002/avr8-gnu-toolchain/bin/../lib/gcc/avr/4.7.2/../../../../avr/lib/avr5\libm.a(fp_round.o)
 .text.avr-libc.fplib
                0x00000000       0x22 c:/program files (x86)/atmel/atmel toolchain/avr8 gcc/native/3.4.2.1002/avr8-gnu-toolchain/bin/../lib/gcc/avr/4.7.2/../../../../avr/lib/avr5\libm.a(fp_round.o)
 .text          0x00000000        0x0 c:/program files (x86)/atmel/atmel toolchain/avr8 gcc/native/3.4.2.1002/avr8-gnu-toolchain/bin/../lib/gcc/avr/4.7.2/../../../../avr/lib/avr5\libm.a(fp_sinus.o)
 .bss           0x00000000        0x0 c:/program files (x86)/atmel/atmel toolchain/avr8 gcc/native/3.4.2.1002/avr8-gnu-toolchain/bin/../lib/gcc/avr/4.7.2/../../../../avr/lib/avr5\libm.a(fp_sinus.o)
 .text.avr-libc.fplib
                0x00000000       0x22 c:/program files (x86)/atmel/atmel toolchain/avr8 gcc/native/3.4.2.1002/avr8-gnu-toolchain/bin/../lib/gcc/avr/4.7.2/../../../../avr/lib/avr5\libm.a(fp_sinus.o)
 .progmem.gcc_fplib
                0x00000000       0x1e c:/program files (x86)/atmel/atmel toolchain/avr8 gcc/native/3.4.2.1002/avr8-gnu-toolchain/bin/../lib/gcc/avr/4.7.2/../../../../avr/lib/avr5\libm.a(fp_sinus.o)
 .text          0x00000000        0x0 c:/program files (x86)/atmel/atmel toolchain/avr8 gcc/native/3.4.2.1002/avr8-gnu-toolchain/bin/../lib/gcc/avr/4.7.2/../../../../avr/lib/avr5\libm.a(fp_split3.o)
 .bss           0x00000000        0x0 c:/program files (x86)/atmel/atmel toolchain/avr8 gcc/native/3.4.2.1002/avr8-gnu-toolchain/bin/../lib/gcc/avr/4.7.2/../../../../avr/lib/avr5\libm.a(fp_split3.o)
 .text.avr-libc.fplib
                0x00000000       0x44 c:/program files (x86)/atmel/atmel toolchain/avr8 gcc/native/3.4.2.1002/avr8-gnu-toolchain/bin/../lib/gcc/avr/4.7.2/../../../../avr/lib/avr5\libm.a(fp_split3.o)
 .text          0x00000000        0x0 c:/program files (x86)/atmel/atmel toolchain/avr8 gcc/native/3.4.2.1002/avr8-gnu-toolchain/bin/../lib/gcc/avr/4.7.2/../../../../avr/lib/avr5\libm.a(fp_zero.o)
 .bss           0x00000000        0x0 c:/program files (x86)/atmel/atmel toolchain/avr8 gcc/native/3.4.2.1002/avr8-gnu-toolchain/bin/../lib/gcc/avr/4.7.2/../../../../avr/lib/avr5\libm.a(fp_zero.o)
 .text.avr-libc.fplib
                0x00000000        0xe c:/program files (x86)/atmel/atmel toolchain/avr8 gcc/native/3.4.2.1002/avr8-gnu-toolchain/bin/../lib/gcc/avr/4.7.2/../../../../avr/lib/avr5\libm.a(fp_zero.o)
 .text          0x00000000        0x0 c:/program files (x86)/atmel/atmel toolchain/avr8 gcc/native/3.4.2.1002/avr8-gnu-toolchain/bin/../lib/gcc/avr/4.7.2/../../../../avr/lib/avr5\libm.a(gesf2.o)
 .bss           0x00000000        0x0 c:/program files (x86)/atmel/atmel toolchain/avr8 gcc/native/3.4.2.1002/avr8-gnu-toolchain/bin/../lib/gcc/avr/4.7.2/../../../../avr/lib/avr5\libm.a(gesf2.o)
 .text.avr-libc.fplib
                0x00000000        0x8 c:/program files (x86)/atmel/atmel toolchain/avr8 gcc/native/3.4.2.1002/avr8-gnu-toolchain/bin/../lib/gcc/avr/4.7.2/../../../../avr/lib/avr5\libm.a(gesf2.o)
 .text          0x00000000        0x0 c:/program files (x86)/atmel/atmel toolchain/avr8 gcc/native/3.4.2.1002/avr8-gnu-toolchain/bin/../lib/gcc/avr/4.7.2/../../../../avr/lib/avr5\libm.a(inverse.o)
 .bss           0x00000000        0x0 c:/program files (x86)/atmel/atmel toolchain/avr8 gcc/native/3.4.2.1002/avr8-gnu-toolchain/bin/../lib/gcc/avr/4.7.2/../../../../avr/lib/avr5\libm.a(inverse.o)
 .text.avr-libc.fplib
                0x00000000        0xe c:/program files (x86)/atmel/atmel toolchain/avr8 gcc/native/3.4.2.1002/avr8-gnu-toolchain/bin/../lib/gcc/avr/4.7.2/../../../../avr/lib/avr5\libm.a(inverse.o)
 .text          0x00000000        0x0 c:/program files (x86)/atmel/atmel toolchain/avr8 gcc/native/3.4.2.1002/avr8-gnu-toolchain/bin/../lib/gcc/avr/4.7.2/../../../../avr/lib/avr5\libm.a(mulsf3.o)
 .bss           0x00000000        0x0 c:/program files (x86)/atmel/atmel toolchain/avr8 gcc/native/3.4.2.1002/avr8-gnu-toolchain/bin/../lib/gcc/avr/4.7.2/../../../../avr/lib/avr5\libm.a(mulsf3.o)
 .text.avr-libc.fplib
                0x00000000        0x4 c:/program files (x86)/atmel/atmel toolchain/avr8 gcc/native/3.4.2.1002/avr8-gnu-toolchain/bin/../lib/gcc/avr/4.7.2/../../../../avr/lib/avr5\libm.a(mulsf3.o)
 .text          0x00000000        0x0 c:/program files (x86)/atmel/atmel toolchain/avr8 gcc/native/3.4.2.1002/avr8-gnu-toolchain/bin/../lib/gcc/avr/4.7.2/../../../../avr/lib/avr5\libm.a(mulsf3x.o)
 .bss           0x00000000        0x0 c:/program files (x86)/atmel/atmel toolchain/avr8 gcc/native/3.4.2.1002/avr8-gnu-toolchain/bin/../lib/gcc/avr/4.7.2/../../../../avr/lib/avr5\libm.a(mulsf3x.o)
 .text.avr-libc.fplib
                0x00000000       0xc2 c:/program files (x86)/atmel/atmel toolchain/avr8 gcc/native/3.4.2.1002/avr8-gnu-toolchain/bin/../lib/gcc/avr/4.7.2/../../../../avr/lib/avr5\libm.a(mulsf3x.o)
 .text          0x00000000        0x0 c:/program files (x86)/atmel/atmel toolchain/avr8 gcc/native/3.4.2.1002/avr8-gnu-toolchain/bin/../lib/gcc/avr/4.7.2/../../../../avr/lib/avr5\libm.a(sin.o)
 .bss           0x00000000        0x0 c:/program files (x86)/atmel/atmel toolchain/avr8 gcc/native/3.4.2.1002/avr8-gnu-toolchain/bin/../lib/gcc/avr/4.7.2/../../../../avr/lib/avr5\libm.a(sin.o)
 .text.avr-libc.fplib
                0x00000000        0xc c:/program files (x86)/atmel/atmel toolchain/avr8 gcc/native/3.4.2.1002/avr8-gnu-toolchain/bin/../lib/gcc/avr/4.7.2/../../../../avr/lib/avr5\libm.a(sin.o)
 .text          0x00000000        0x0 c:/program files (x86)/atmel/atmel toolchain/avr8 gcc/native/3.4.2.1002/avr8-gnu-toolchain/bin/../lib/gcc/avr/4.7.2/../../../../avr/lib/avr5\libm.a(sqrt.o)
 .bss           0x00000000        0x0 c:/program files (x86)/atmel/atmel toolchain/avr8 gcc/native/3.4.2.1002/avr8-gnu-toolchain/bin/../lib/gcc/avr/4.7.2/../../../../avr/lib/avr5\libm.a(sqrt.o)
 .text.avr-libc.fplib
                0x00000000       0x84 c:/program files (x86)/atmel/atmel toolchain/avr8 gcc/native/3.4.2.1002/avr8-gnu-toolchain/bin/../lib/gcc/avr/4.7.2/../../../../avr/lib/avr5\libm.a(sqrt.o)
 .text          0x00000000        0x0 c:/program files (x86)/atmel/atmel toolchain/avr8 gcc/native/3.4.2.1002/avr8-gnu-toolchain/bin/../lib/gcc/avr/4.7.2/../../../../avr/lib/avr5\libm.a(square.o)
 .bss           0x00000000        0x0 c:/program files (x86)/atmel/atmel toolchain/avr8 gcc/native/3.4.2.1002/avr8-gnu-toolchain/bin/../lib/gcc/avr/4.7.2/../../../../avr/lib/avr5\libm.a(square.o)
 .text.avr-libc.fplib
                0x00000000        0x6 c:/program files (x86)/atmel/atmel toolchain/avr8 gcc/native/3.4.2.1002/avr8-gnu-toolchain/bin/../lib/gcc/avr/4.7.2/../../../../avr/lib/avr5\libm.a(square.o)
 .text          0x00000000        0x0 c:/program files (x86)/atmel/atmel toolchain/avr8 gcc/native/3.4.2.1002/avr8-gnu-toolchain/bin/../lib/gcc/avr/4.7.2/../../../../avr/lib/avr5\libm.a(fp_mpack.o)
 .bss           0x00000000        0x0 c:/program files (x86)/atmel/atmel toolchain/avr8 gcc/native/3.4.2.1002/avr8-gnu-toolchain/bin/../lib/gcc/avr/4.7.2/../../../../avr/lib/avr5\libm.a(fp_mpack.o)
 .text.avr-libc.fplib
                0x00000000       0x1c c:/program files (x86)/atmel/atmel toolchain/avr8 gcc/native/3.4.2.1002/avr8-gnu-toolchain/bin/../lib/gcc/avr/4.7.2/../../../../avr/lib/avr5\libm.a(fp_mpack.o)
 .text          0x00000000        0x0 c:/program files (x86)/atmel/atmel toolchain/avr8 gcc/native/3.4.2.1002/avr8-gnu-toolchain/bin/../lib/gcc/avr/4.7.2/../../../../avr/lib/avr5\libm.a(fp_norm2.o)
 .bss           0x00000000        0x0 c:/program files (x86)/atmel/atmel toolchain/avr8 gcc/native/3.4.2.1002/avr8-gnu-toolchain/bin/../lib/gcc/avr/4.7.2/../../../../avr/lib/avr5\libm.a(fp_norm2.o)
 .text.avr-libc.fplib
                0x00000000        0xe c:/program files (x86)/atmel/atmel toolchain/avr8 gcc/native/3.4.2.1002/avr8-gnu-toolchain/bin/../lib/gcc/avr/4.7.2/../../../../avr/lib/avr5\libm.a(fp_norm2.o)
 .text          0x00000000        0x0 c:/program files (x86)/atmel/atmel toolchain/avr8 gcc/native/3.4.2.1002/avr8-gnu-toolchain/bin/../lib/gcc/avr/4.7.2/../../../../avr/lib/avr5\libm.a(fp_powsodd.o)
 .bss           0x00000000        0x0 c:/program files (x86)/atmel/atmel toolchain/avr8 gcc/native/3.4.2.1002/avr8-gnu-toolchain/bin/../lib/gcc/avr/4.7.2/../../../../avr/lib/avr5\libm.a(fp_powsodd.o)
 .text.avr-libc.fplib
                0x00000000       0x22 c:/program files (x86)/atmel/atmel toolchain/avr8 gcc/native/3.4.2.1002/avr8-gnu-toolchain/bin/../lib/gcc/avr/4.7.2/../../../../avr/lib/avr5\libm.a(fp_powsodd.o)
 .text          0x00000000        0x0 c:/program files (x86)/atmel/atmel toolchain/avr8 gcc/native/3.4.2.1002/avr8-gnu-toolchain/bin/../lib/gcc/avr/4.7.2/avr5\libgcc.a(_exit.o)
 .bss           0x00000000        0x0 c:/program files (x86)/atmel/atmel toolchain/avr8 gcc/native/3.4.2.1002/avr8-gnu-toolchain/bin/../lib/gcc/avr/4.7.2/avr5\libgcc.a(_exit.o)
 .text.libgcc.mul
                0x00000000        0x0 c:/program files (x86)/atmel/atmel toolchain/avr8 gcc/native/3.4.2.1002/avr8-gnu-toolchain/bin/../lib/gcc/avr/4.7.2/avr5\libgcc.a(_exit.o)
 .text.libgcc.div
                0x00000000        0x0 c:/program files (x86)/atmel/atmel toolchain/avr8 gcc/native/3.4.2.1002/avr8-gnu-toolchain/bin/../lib/gcc/avr/4.7.2/avr5\libgcc.a(_exit.o)
 .text.libgcc   0x00000000        0x0 c:/program files (x86)/atmel/atmel toolchain/avr8 gcc/native/3.4.2.1002/avr8-gnu-toolchain/bin/../lib/gcc/avr/4.7.2/avr5\libgcc.a(_exit.o)
 .text.libgcc.prologue
                0x00000000        0x0 c:/program files (x86)/atmel/atmel toolchain/avr8 gcc/native/3.4.2.1002/avr8-gnu-toolchain/bin/../lib/gcc/avr/4.7.2/avr5\libgcc.a(_exit.o)
 .text.libgcc.builtins
                0x00000000        0x0 c:/program files (x86)/atmel/atmel toolchain/avr8 gcc/native/3.4.2.1002/avr8-gnu-toolchain/bin/../lib/gcc/avr/4.7.2/avr5\libgcc.a(_exit.o)
 .text.libgcc.fmul
                0x00000000        0x0 c:/program files (x86)/atmel/atmel toolchain/avr8 gcc/native/3.4.2.1002/avr8-gnu-toolchain/bin/../lib/gcc/avr/4.7.2/avr5\libgcc.a(_exit.o)
 .text          0x00000000        0x0 c:/program files (x86)/atmel/atmel toolchain/avr8 gcc/native/3.4.2.1002/avr8-gnu-toolchain/bin/../lib/gcc/avr/4.7.2/avr5\libgcc.a(_tablejump.o)
 .bss           0x00000000        0x0 c:/program files (x86)/atmel/atmel toolchain/avr8 gcc/native/3.4.2.1002/avr8-gnu-toolchain/bin/../lib/gcc/avr/4.7.2/avr5\libgcc.a(_tablejump.o)
 .text.libgcc.mul
                0x00000000        0x0 c:/program files (x86)/atmel/atmel toolchain/avr8 gcc/native/3.4.2.1002/avr8-gnu-toolchain/bin/../lib/gcc/avr/4.7.2/avr5\libgcc.a(_tablejump.o)
 .text.libgcc.div
                0x00000000        0x0 c:/program files (x86)/atmel/atmel toolchain/avr8 gcc/native/3.4.2.1002/avr8-gnu-toolchain/bin/../lib/gcc/avr/4.7.2/avr5\libgcc.a(_tablejump.o)
 .text.libgcc   0x00000000        0xc c:/program files (x86)/atmel/atmel toolchain/avr8 gcc/native/3.4.2.1002/avr8-gnu-toolchain/bin/../lib/gcc/avr/4.7.2/avr5\libgcc.a(_tablejump.o)
 .text.libgcc.prologue
                0x00000000        0x0 c:/program files (x86)/atmel/atmel toolchain/avr8 gcc/native/3.4.2.1002/avr8-gnu-toolchain/bin/../lib/gcc/avr/4.7.2/avr5\libgcc.a(_tablejump.o)
 .text.libgcc.builtins
                0x00000000        0x0 c:/program files (x86)/atmel/atmel toolchain/avr8 gcc/native/3.4.2.1002/avr8-gnu-toolchain/bin/../lib/gcc/avr/4.7.2/avr5\libgcc.a(_tablejump.o)
 .text.libgcc.fmul
                0x00000000        0x0 c:/program files (x86)/atmel/atmel toolchain/avr8 gcc/native/3.4.2.1002/avr8-gnu-toolchain/bin/../lib/gcc/avr/4.7.2/avr5\libgcc.a(_tablejump.o)
 .text          0x00000000        0x0 c:/program files (x86)/atmel/atmel toolchain/avr8 gcc/native/3.4.2.1002/avr8-gnu-toolchain/bin/../lib/gcc/avr/4.7.2/avr5\libgcc.a(_copy_data.o)
 .bss           0x00000000        0x0 c:/program files (x86)/atmel/atmel toolchain/avr8 gcc/native/3.4.2.1002/avr8-gnu-toolchain/bin/../lib/gcc/avr/4.7.2/avr5\libgcc.a(_copy_data.o)
 .text.libgcc.mul
                0x00000000        0x0 c:/program files (x86)/atmel/atmel toolchain/avr8 gcc/native/3.4.2.1002/avr8-gnu-toolchain/bin/../lib/gcc/avr/4.7.2/avr5\libgcc.a(_copy_data.o)
 .text.libgcc.div
                0x00000000        0x0 c:/program files (x86)/atmel/atmel toolchain/avr8 gcc/native/3.4.2.1002/avr8-gnu-toolchain/bin/../lib/gcc/avr/4.7.2/avr5\libgcc.a(_copy_data.o)
 .text.libgcc   0x00000000        0x0 c:/program files (x86)/atmel/atmel toolchain/avr8 gcc/native/3.4.2.1002/avr8-gnu-toolchain/bin/../lib/gcc/avr/4.7.2/avr5\libgcc.a(_copy_data.o)
 .text.libgcc.prologue
                0x00000000        0x0 c:/program files (x86)/atmel/atmel toolchain/avr8 gcc/native/3.4.2.1002/avr8-gnu-toolchain/bin/../lib/gcc/avr/4.7.2/avr5\libgcc.a(_copy_data.o)
 .text.libgcc.builtins
                0x00000000        0x0 c:/program files (x86)/atmel/atmel toolchain/avr8 gcc/native/3.4.2.1002/avr8-gnu-toolchain/bin/../lib/gcc/avr/4.7.2/avr5\libgcc.a(_copy_data.o)
 .text.libgcc.fmul
                0x00000000        0x0 c:/program files (x86)/atmel/atmel toolchain/avr8 gcc/native/3.4.2.1002/avr8-gnu-toolchain/bin/../lib/gcc/avr/4.7.2/avr5\libgcc.a(_copy_data.o)
 .text          0x00000000        0x0 c:/program files (x86)/atmel/atmel toolchain/avr8 gcc/native/3.4.2.1002/avr8-gnu-toolchain/bin/../lib/gcc/avr/4.7.2/avr5\libgcc.a(_clear_bss.o)
 .bss           0x00000000        0x0 c:/program files (x86)/atmel/atmel toolchain/avr8 gcc/native/3.4.2.1002/avr8-gnu-toolchain/bin/../lib/gcc/avr/4.7.2/avr5\libgcc.a(_clear_bss.o)
 .text.libgcc.mul
                0x00000000        0x0 c:/program files (x86)/atmel/atmel toolchain/avr8 gcc/native/3.4.2.1002/avr8-gnu-toolchain/bin/../lib/gcc/avr/4.7.2/avr5\libgcc.a(_clear_bss.o)
 .text.libgcc.div
                0x00000000        0x0 c:/program files (x86)/atmel/atmel toolchain/avr8 gcc/native/3.4.2.1002/avr8-gnu-toolchain/bin/../lib/gcc/avr/4.7.2/avr5\libgcc.a(_clear_bss.o)
 .text.libgcc   0x00000000        0x0 c:/program files (x86)/atmel/atmel toolchain/avr8 gcc/native/3.4.2.1002/avr8-gnu-toolchain/bin/../lib/gcc/avr/4.7.2/avr5\libgcc.a(_clear_bss.o)
 .text.libgcc.prologue
                0x00000000        0x0 c:/program files (x86)/atmel/atmel toolchain/avr8 gcc/native/3.4.2.1002/avr8-gnu-toolchain/bin/../lib/gcc/avr/4.7.2/avr5\libgcc.a(_clear_bss.o)
 .text.libgcc.builtins
                0x00000000        0x0 c:/program files (x86)/atmel/atmel toolchain/avr8 gcc/native/3.4.2.1002/avr8-gnu-toolchain/bin/../lib/gcc/avr/4.7.2/avr5\libgcc.a(_clear_bss.o)
 .text.libgcc.fmul
                0x00000000        0x0 c:/program files (x86)/atmel/atmel toolchain/avr8 gcc/native/3.4.2.1002/avr8-gnu-toolchain/bin/../lib/gcc/avr/4.7.2/avr5\libgcc.a(_clear_bss.o)
 .text          0x00000000        0x0 c:/program files (x86)/atmel/atmel toolchain/avr8 gcc/native/3.4.2.1002/avr8-gnu-toolchain/bin/../lib/gcc/avr/4.7.2/../../../../avr/lib/avr5\libc.a(itoa.o)
 .bss           0x00000000        0x0 c:/program files (x86)/atmel/atmel toolchain/avr8 gcc/native/3.4.2.1002/avr8-gnu-toolchain/bin/../lib/gcc/avr/4.7.2/../../../../avr/lib/avr5\libc.a(itoa.o)
 .text.avr-libc
                0x00000000       0x42 c:/program files (x86)/atmel/atmel toolchain/avr8 gcc/native/3.4.2.1002/avr8-gnu-toolchain/bin/../lib/gcc/avr/4.7.2/../../../../avr/lib/avr5\libc.a(itoa.o)
 .text          0x00000000        0x0 c:/program files (x86)/atmel/atmel toolchain/avr8 gcc/native/3.4.2.1002/avr8-gnu-toolchain/bin/../lib/gcc/avr/4.7.2/../../../../avr/lib/avr5\libc.a(ltoa.o)
 .bss           0x00000000        0x0 c:/program files (x86)/atmel/atmel toolchain/avr8 gcc/native/3.4.2.1002/avr8-gnu-toolchain/bin/../lib/gcc/avr/4.7.2/../../../../avr/lib/avr5\libc.a(ltoa.o)
 .text.avr-libc
                0x00000000       0x68 c:/program files (x86)/atmel/atmel toolchain/avr8 gcc/native/3.4.2.1002/avr8-gnu-toolchain/bin/../lib/gcc/avr/4.7.2/../../../../avr/lib/avr5\libc.a(ltoa.o)
 .text          0x00000000        0x0 c:/program files (x86)/atmel/atmel toolchain/avr8 gcc/native/3.4.2.1002/avr8-gnu-toolchain/bin/../lib/gcc/avr/4.7.2/../../../../avr/lib/avr5\libc.a(ultoa.o)
 .bss           0x00000000        0x0 c:/program files (x86)/atmel/atmel toolchain/avr8 gcc/native/3.4.2.1002/avr8-gnu-toolchain/bin/../lib/gcc/avr/4.7.2/../../../../avr/lib/avr5\libc.a(ultoa.o)
 .text.avr-libc
                0x00000000       0x4a c:/program files (x86)/atmel/atmel toolchain/avr8 gcc/native/3.4.2.1002/avr8-gnu-toolchain/bin/../lib/gcc/avr/4.7.2/../../../../avr/lib/avr5\libc.a(ultoa.o)
 .text          0x00000000        0x0 c:/program files (x86)/atmel/atmel toolchain/avr8 gcc/native/3.4.2.1002/avr8-gnu-toolchain/bin/../lib/gcc/avr/4.7.2/../../../../avr/lib/avr5\libc.a(utoa.o)
 .bss           0x00000000        0x0 c:/program files (x86)/atmel/atmel toolchain/avr8 gcc/native/3.4.2.1002/avr8-gnu-toolchain/bin/../lib/gcc/avr/4.7.2/../../../../avr/lib/avr5\libc.a(utoa.o)
 .text.avr-libc
                0x00000000       0x2c c:/program files (x86)/atmel/atmel toolchain/avr8 gcc/native/3.4.2.1002/avr8-gnu-toolchain/bin/../lib/gcc/avr/4.7.2/../../../../avr/lib/avr5\libc.a(utoa.o)
 .text          0x00000000        0x0 c:/program files (x86)/atmel/atmel toolchain/avr8 gcc/native/3.4.2.1002/avr8-gnu-toolchain/bin/../lib/gcc/avr/4.7.2/../../../../avr/lib/avr5\libc.a(strrev.o)
 .bss           0x00000000        0x0 c:/program files (x86)/atmel/atmel toolchain/avr8 gcc/native/3.4.2.1002/avr8-gnu-toolchain/bin/../lib/gcc/avr/4.7.2/../../../../avr/lib/avr5\libc.a(strrev.o)
 .text.avr-libc
                0x00000000       0x20 c:/program files (x86)/atmel/atmel toolchain/avr8 gcc/native/3.4.2.1002/avr8-gnu-toolchain/bin/../lib/gcc/avr/4.7.2/../../../../avr/lib/avr5\libc.a(strrev.o)
 .text          0x00000000        0x0 c:/program files (x86)/atmel/atmel toolchain/avr8 gcc/native/3.4.2.1002/avr8-gnu-toolchain/bin/../lib/gcc/avr/4.7.2/avr5\libgcc.a(_udivmodhi4.o)
 .bss           0x00000000        0x0 c:/program files (x86)/atmel/atmel toolchain/avr8 gcc/native/3.4.2.1002/avr8-gnu-toolchain/bin/../lib/gcc/avr/4.7.2/avr5\libgcc.a(_udivmodhi4.o)
 .text.libgcc.mul
                0x00000000        0x0 c:/program files (x86)/atmel/atmel toolchain/avr8 gcc/native/3.4.2.1002/avr8-gnu-toolchain/bin/../lib/gcc/avr/4.7.2/avr5\libgcc.a(_udivmodhi4.o)
 .text.libgcc.div
                0x00000000       0x28 c:/program files (x86)/atmel/atmel toolchain/avr8 gcc/native/3.4.2.1002/avr8-gnu-toolchain/bin/../lib/gcc/avr/4.7.2/avr5\libgcc.a(_udivmodhi4.o)
 .text.libgcc   0x00000000        0x0 c:/program files (x86)/atmel/atmel toolchain/avr8 gcc/native/3.4.2.1002/avr8-gnu-toolchain/bin/../lib/gcc/avr/4.7.2/avr5\libgcc.a(_udivmodhi4.o)
 .text.libgcc.prologue
                0x00000000        0x0 c:/program files (x86)/atmel/atmel toolchain/avr8 gcc/native/3.4.2.1002/avr8-gnu-toolchain/bin/../lib/gcc/avr/4.7.2/avr5\libgcc.a(_udivmodhi4.o)
 .text.libgcc.builtins
                0x00000000        0x0 c:/program files (x86)/atmel/atmel toolchain/avr8 gcc/native/3.4.2.1002/avr8-gnu-toolchain/bin/../lib/gcc/avr/4.7.2/avr5\libgcc.a(_udivmodhi4.o)
 .text.libgcc.fmul
                0x00000000        0x0 c:/program files (x86)/atmel/atmel toolchain/avr8 gcc/native/3.4.2.1002/avr8-gnu-toolchain/bin/../lib/gcc/avr/4.7.2/avr5\libgcc.a(_udivmodhi4.o)
 .text          0x00000000        0x0 c:/program files (x86)/atmel/atmel toolchain/avr8 gcc/native/3.4.2.1002/avr8-gnu-toolchain/bin/../lib/gcc/avr/4.7.2/avr5\libgcc.a(_udivmodsi4.o)
 .bss           0x00000000        0x0 c:/program files (x86)/atmel/atmel toolchain/avr8 gcc/native/3.4.2.1002/avr8-gnu-toolchain/bin/../lib/gcc/avr/4.7.2/avr5\libgcc.a(_udivmodsi4.o)
 .text.libgcc.mul
                0x00000000        0x0 c:/program files (x86)/atmel/atmel toolchain/avr8 gcc/native/3.4.2.1002/avr8-gnu-toolchain/bin/../lib/gcc/avr/4.7.2/avr5\libgcc.a(_udivmodsi4.o)
 .text.libgcc.div
                0x00000000       0x44 c:/program files (x86)/atmel/atmel toolchain/avr8 gcc/native/3.4.2.1002/avr8-gnu-toolchain/bin/../lib/gcc/avr/4.7.2/avr5\libgcc.a(_udivmodsi4.o)
 .text.libgcc   0x00000000        0x0 c:/program files (x86)/atmel/atmel toolchain/avr8 gcc/native/3.4.2.1002/avr8-gnu-toolchain/bin/../lib/gcc/avr/4.7.2/avr5\libgcc.a(_udivmodsi4.o)
 .text.libgcc.prologue
                0x00000000        0x0 c:/program files (x86)/atmel/atmel toolchain/avr8 gcc/native/3.4.2.1002/avr8-gnu-toolchain/bin/../lib/gcc/avr/4.7.2/avr5\libgcc.a(_udivmodsi4.o)
 .text.libgcc.builtins
                0x00000000        0x0 c:/program files (x86)/atmel/atmel toolchain/avr8 gcc/native/3.4.2.1002/avr8-gnu-toolchain/bin/../lib/gcc/avr/4.7.2/avr5\libgcc.a(_udivmodsi4.o)
 .text.libgcc.fmul
                0x00000000        0x0 c:/program files (x86)/atmel/atmel toolchain/avr8 gcc/native/3.4.2.1002/avr8-gnu-toolchain/bin/../lib/gcc/avr/4.7.2/avr5\libgcc.a(_udivmodsi4.o)

Memory Configuration

Name             Origin             Length             Attributes
text             0x00000000         0x00020000         xr
data             0x00800060         0x0000ffa0         rw !x
eeprom           0x00810000         0x00010000         rw !x
fuse             0x00820000         0x00000400         rw !x
lock             0x00830000         0x00000400         rw !x
signature        0x00840000         0x00000400         rw !x
user_signatures  0x00850000         0x00000400         rw !x
*default*        0x00000000         0xffffffff

Linker script and memory map

Address of section .data set to 0x800100
LOAD c:/program files (x86)/atmel/atmel toolchain/avr8 gcc/native/3.4.2.1002/avr8-gnu-toolchain/bin/../lib/gcc/avr/4.7.2/../../../../avr/lib/avr5/crtm32u4.o
LOAD LocalTest.o
LOAD m_bus.o
LOAD m_loc.o
LOAD m_usb.o
LOAD m_wii.o
START GROUP
LOAD c:/program files (x86)/atmel/atmel toolchain/avr8 gcc/native/3.4.2.1002/avr8-gnu-toolchain/bin/../lib/gcc/avr/4.7.2/../../../../avr/lib/avr5\libm.a
END GROUP
LOAD c:/program files (x86)/atmel/atmel toolchain/avr8 gcc/native/3.4.2.1002/avr8-gnu-toolchain/bin/../lib/gcc/avr/4.7.2/avr5\libgcc.a
LOAD c:/program files (x86)/atmel/atmel toolchain/avr8 gcc/native/3.4.2.1002/avr8-gnu-toolchain/bin/../lib/gcc/avr/4.7.2/../../../../avr/lib/avr5\libc.a
LOAD c:/program files (x86)/atmel/atmel toolchain/avr8 gcc/native/3.4.2.1002/avr8-gnu-toolchain/bin/../lib/gcc/avr/4.7.2/avr5\libgcc.a

.hash
 *(.hash)

.dynsym
 *(.dynsym)

.dynstr
 *(.dynstr)

.gnu.version
 *(.gnu.version)

.gnu.version_d
 *(.gnu.version_d)

.gnu.version_r
 *(.gnu.version_r)

.rel.init
 *(.rel.init)

.rela.init
 *(.rela.init)

.rel.text
 *(.rel.text)
 *(.rel.text.*)
 *(.rel.gnu.linkonce.t*)

.rela.text
 *(.rela.text)
 *(.rela.text.*)
 *(.rela.gnu.linkonce.t*)

.rel.fini
 *(.rel.fini)

.rela.fini
 *(.rela.fini)

.rel.rodata
 *(.rel.rodata)
 *(.rel.rodata.*)
 *(.rel.gnu.linkonce.r*)

.rela.rodata
 *(.rela.rodata)
 *(.rela.rodata.*)
 *(.rela.gnu.linkonce.r*)

.rel.data
 *(.rel.data)
 *(.rel.data.*)
 *(.rel.gnu.linkonce.d*)

.rela.data
 *(.rela.data)
 *(.rela.data.*)
 *(.rela.gnu.linkonce.d*)

.rel.ctors
 *(.rel.ctors)

.rela.ctors
 *(.rela.ctors)

.rel.dtors
 *(.rel.dtors)

.rela.dtors
 *(.rela.dtors)

.rel.got
 *(.rel.got)

.rela.got
 *(.rela.got)

.rel.bss
 *(.rel.bss)

.rela.bss
 *(.rela.bss)

.rel.plt
 *(.rel.plt)

.rela.plt
 *(.rela.plt)

.text           0x00000000      0x9c8
 *(.vectors)
 .vectors       0x00000000       0xac c:/program files (x86)/atmel/atmel toolchain/avr8 gcc/native/3.4.2.1002/avr8-gnu-toolchain/bin/../lib/gcc/avr/4.7.2/../../../../avr/lib/avr5/crtm32u4.o
                0x00000000                __vector_default
                0x00000000                __vectors
 *(.vectors)
 *(.progmem.gcc*)
 *(.progmem*)
 .progmem.data.descriptor_list
                0x000000ac       0x2a m_usb.o
 .progmem.data.endpoint_config_table
                0x000000d6        0xa m_usb.o
 .progmem.data.device_descriptor
                0x000000e0       0x12 m_usb.o
 .progmem.data.config1_descriptor
                0x000000f2       0x43 m_usb.o
 .progmem.data.string0
                0x00000135        0x4 m_usb.o
 .progmem.data.string1
                0x00000139       0x14 m_usb.o
 .progmem.data.string2
                0x0000014d        0x8 m_usb.o
 .progmem.data.string3
                0x00000155        0xa m_usb.o
                0x00000160                . = ALIGN (0x2)
 *fill*         0x0000015f        0x1 
                0x00000160                __trampolines_start = .
 *(.trampolines)
 .trampolines   0x00000160        0x0 linker stubs
 *(.trampolines*)
                0x00000160                __trampolines_end = .
 *(.jumptables)
 *(.jumptables*)
 *(.lowtext)
 *(.lowtext*)
                0x00000160                __ctors_start = .
 *(.ctors)
                0x00000160                __ctors_end = .
                0x00000160                __dtors_start = .
 *(.dtors)
                0x00000160                __dtors_end = .
 SORT(*)(.ctors)
 SORT(*)(.dtors)
 *(.init0)
 .init0         0x00000160        0x0 c:/program files (x86)/atmel/atmel toolchain/avr8 gcc/native/3.4.2.1002/avr8-gnu-toolchain/bin/../lib/gcc/avr/4.7.2/../../../../avr/lib/avr5/crtm32u4.o
                0x00000160                __init
 *(.init0)
 *(.init1)
 *(.init1)
 *(.init2)
 .init2         0x00000160        0xc c:/program files (x86)/atmel/atmel toolchain/avr8 gcc/native/3.4.2.1002/avr8-gnu-toolchain/bin/../lib/gcc/avr/4.7.2/../../../../avr/lib/avr5/crtm32u4.o
 *(.init2)
 *(.init3)
 *(.init3)
 *(.init4)
 .init4         0x0000016c       0x16 c:/program files (x86)/atmel/atmel toolchain/avr8 gcc/native/3.4.2.1002/avr8-gnu-toolchain/bin/../lib/gcc/avr/4.7.2/avr5\libgcc.a(_copy_data.o)
                0x0000016c                __do_copy_data
 .init4         0x00000182       0x10 c:/program files (x86)/atmel/atmel toolchain/avr8 gcc/native/3.4.2.1002/avr8-gnu-toolchain/bin/../lib/gcc/avr/4.7.2/avr5\libgcc.a(_clear_bss.o)
                0x00000182                __do_clear_bss
 *(.init4)
 *(.init5)
 *(.init5)
 *(.init6)
 *(.init6)
 *(.init7)
 *(.init7)
 *(.init8)
 *(.init8)
 *(.init9)
 .init9         0x00000192        0x8 c:/program files (x86)/atmel/atmel toolchain/avr8 gcc/native/3.4.2.1002/avr8-gnu-toolchain/bin/../lib/gcc/avr/4.7.2/../../../../avr/lib/avr5/crtm32u4.o
 *(.init9)
 *(.text)
 .text          0x0000019a        0x4 c:/program files (x86)/atmel/atmel toolchain/avr8 gcc/native/3.4.2.1002/avr8-gnu-toolchain/bin/../lib/gcc/avr/4.7.2/../../../../avr/lib/avr5/crtm32u4.o
                0x0000019a                __vector_38
                0x0000019a                __vector_22
                0x0000019a                __vector_28
                0x0000019a                __vector_1
                0x0000019a                __vector_32
                0x0000019a                __vector_34
                0x0000019a                __vector_24
                0x0000019a                __vector_12
                0x0000019a                __bad_interrupt
                0x0000019a                __vector_6
                0x0000019a                __vector_31
                0x0000019a                __vector_35
                0x0000019a                __vector_39
                0x0000019a                __vector_3
                0x0000019a                __vector_23
                0x0000019a                __vector_30
                0x0000019a                __vector_25
                0x0000019a                __vector_13
                0x0000019a                __vector_17
                0x0000019a                __vector_19
                0x0000019a                __vector_7
                0x0000019a                __vector_41
                0x0000019a                __vector_27
                0x0000019a                __vector_5
                0x0000019a                __vector_33
                0x0000019a                __vector_37
                0x0000019a                __vector_4
                0x0000019a                __vector_9
                0x0000019a                __vector_2
                0x0000019a                __vector_21
                0x0000019a                __vector_15
                0x0000019a                __vector_36
                0x0000019a                __vector_40
                0x0000019a                __vector_8
                0x0000019a                __vector_26
                0x0000019a                __vector_14
                0x0000019a                __vector_16
                0x0000019a                __vector_18
                0x0000019a                __vector_20
                0x0000019a                __vector_42
                0x0000019e                . = ALIGN (0x2)
 *(.text.*)
 .text.main     0x0000019e      0x1bc LocalTest.o
                0x0000019e                main
 .text.__vector_29
                0x0000035a       0x38 LocalTest.o
                0x0000035a                __vector_29
 .text.m_bus_init
                0x00000392       0x22 m_bus.o
                0x00000392                m_bus_init
 .text.__vector_10
                0x000003b4       0x7c m_usb.o
                0x000003b4                __vector_10
 .text.__vector_11
                0x00000430      0x310 m_usb.o
                0x00000430                __vector_11
 .text.twi_wait
                0x00000740       0x26 m_wii.o
                0x00000740                twi_wait
 .text.send_byte
                0x00000766       0x1e m_wii.o
                0x00000766                send_byte
 .text.start_write
                0x00000784       0x32 m_wii.o
                0x00000784                start_write
 .text.end      0x000007b6        0x8 m_wii.o
                0x000007b6                end
 .text.m_wii_open
                0x000007be      0x206 m_wii.o
                0x000007be                m_wii_open
                0x000009c4                . = ALIGN (0x2)
 *(.fini9)
 .fini9         0x000009c4        0x0 c:/program files (x86)/atmel/atmel toolchain/avr8 gcc/native/3.4.2.1002/avr8-gnu-toolchain/bin/../lib/gcc/avr/4.7.2/avr5\libgcc.a(_exit.o)
                0x000009c4                _exit
                0x000009c4                exit
 *(.fini9)
 *(.fini8)
 *(.fini8)
 *(.fini7)
 *(.fini7)
 *(.fini6)
 *(.fini6)
 *(.fini5)
 *(.fini5)
 *(.fini4)
 *(.fini4)
 *(.fini3)
 *(.fini3)
 *(.fini2)
 *(.fini2)
 *(.fini1)
 *(.fini1)
 *(.fini0)
 .fini0         0x000009c4        0x4 c:/program files (x86)/atmel/atmel toolchain/avr8 gcc/native/3.4.2.1002/avr8-gnu-toolchain/bin/../lib/gcc/avr/4.7.2/avr5\libgcc.a(_exit.o)
 *(.fini0)
                0x000009c8                _etext = .

.data           0x00800100        0x8 load address 0x000009c8
                0x00800100                PROVIDE (__data_start, .)
 *(.data)
 .data          0x00800100        0x0 c:/program files (x86)/atmel/atmel toolchain/avr8 gcc/native/3.4.2.1002/avr8-gnu-toolchain/bin/../lib/gcc/avr/4.7.2/../../../../avr/lib/avr5/crtm32u4.o
 .data          0x00800100        0x0 LocalTest.o
 .data          0x00800100        0x0 m_bus.o
 .data          0x00800100        0x0 m_loc.o
 .data          0x00800100        0x0 m_usb.o
 .data          0x00800100        0x0 m_wii.o
 .data          0x00800100        0x0 c:/program files (x86)/atmel/atmel toolchain/avr8 gcc/native/3.4.2.1002/avr8-gnu-toolchain/bin/../lib/gcc/avr/4.7.2/../../../../avr/lib/avr5\libm.a(addsf3.o)
 .data          0x00800100        0x0 c:/program files (x86)/atmel/atmel toolchain/avr8 gcc/native/3.4.2.1002/avr8-gnu-toolchain/bin/../lib/gcc/avr/4.7.2/../../../../avr/lib/avr5\libm.a(addsf3x.o)
 .data          0x00800100        0x0 c:/program files (x86)/atmel/atmel toolchain/avr8 gcc/native/3.4.2.1002/avr8-gnu-toolchain/bin/../lib/gcc/avr/4.7.2/../../../../avr/lib/avr5\libm.a(atan2.o)
 .data          0x00800100        0x0 c:/program files (x86)/atmel/atmel toolchain/avr8 gcc/native/3.4.2.1002/avr8-gnu-toolchain/bin/../lib/gcc/avr/4.7.2/../../../../avr/lib/avr5\libm.a(atan.o)
 .data          0x00800100        0x0 c:/program files (x86)/atmel/atmel toolchain/avr8 gcc/native/3.4.2.1002/avr8-gnu-toolchain/bin/../lib/gcc/avr/4.7.2/../../../../avr/lib/avr5\libm.a(cmpsf2.o)
 .data          0x00800100        0x0 c:/program files (x86)/atmel/atmel toolchain/avr8 gcc/native/3.4.2.1002/avr8-gnu-toolchain/bin/../lib/gcc/avr/4.7.2/../../../../avr/lib/avr5\libm.a(cos.o)
 .data          0x00800100        0x0 c:/program files (x86)/atmel/atmel toolchain/avr8 gcc/native/3.4.2.1002/avr8-gnu-toolchain/bin/../lib/gcc/avr/4.7.2/../../../../avr/lib/avr5\libm.a(divsf3.o)
 .data          0x00800100        0x0 c:/program files (x86)/atmel/atmel toolchain/avr8 gcc/native/3.4.2.1002/avr8-gnu-toolchain/bin/../lib/gcc/avr/4.7.2/../../../../avr/lib/avr5\libm.a(divsf3x.o)
 .data          0x00800100        0x0 c:/program files (x86)/atmel/atmel toolchain/avr8 gcc/native/3.4.2.1002/avr8-gnu-toolchain/bin/../lib/gcc/avr/4.7.2/../../../../avr/lib/avr5\libm.a(fixsfsi.o)
 .data          0x00800100        0x0 c:/program files (x86)/atmel/atmel toolchain/avr8 gcc/native/3.4.2.1002/avr8-gnu-toolchain/bin/../lib/gcc/avr/4.7.2/../../../../avr/lib/avr5\libm.a(fixunssfsi.o)
 .data          0x00800100        0x0 c:/program files (x86)/atmel/atmel toolchain/avr8 gcc/native/3.4.2.1002/avr8-gnu-toolchain/bin/../lib/gcc/avr/4.7.2/../../../../avr/lib/avr5\libm.a(floatsisf.o)
 .data          0x00800100        0x0 c:/program files (x86)/atmel/atmel toolchain/avr8 gcc/native/3.4.2.1002/avr8-gnu-toolchain/bin/../lib/gcc/avr/4.7.2/../../../../avr/lib/avr5\libm.a(fp_cmp.o)
 .data          0x00800100        0x0 c:/program files (x86)/atmel/atmel toolchain/avr8 gcc/native/3.4.2.1002/avr8-gnu-toolchain/bin/../lib/gcc/avr/4.7.2/../../../../avr/lib/avr5\libm.a(fp_inf.o)
 .data          0x00800100        0x0 c:/program files (x86)/atmel/atmel toolchain/avr8 gcc/native/3.4.2.1002/avr8-gnu-toolchain/bin/../lib/gcc/avr/4.7.2/../../../../avr/lib/avr5\libm.a(fp_nan.o)
 .data          0x00800100        0x0 c:/program files (x86)/atmel/atmel toolchain/avr8 gcc/native/3.4.2.1002/avr8-gnu-toolchain/bin/../lib/gcc/avr/4.7.2/../../../../avr/lib/avr5\libm.a(fp_powser.o)
 .data          0x00800100        0x0 c:/program files (x86)/atmel/atmel toolchain/avr8 gcc/native/3.4.2.1002/avr8-gnu-toolchain/bin/../lib/gcc/avr/4.7.2/../../../../avr/lib/avr5\libm.a(fp_pscA.o)
 .data          0x00800100        0x0 c:/program files (x86)/atmel/atmel toolchain/avr8 gcc/native/3.4.2.1002/avr8-gnu-toolchain/bin/../lib/gcc/avr/4.7.2/../../../../avr/lib/avr5\libm.a(fp_pscB.o)
 .data          0x00800100        0x0 c:/program files (x86)/atmel/atmel toolchain/avr8 gcc/native/3.4.2.1002/avr8-gnu-toolchain/bin/../lib/gcc/avr/4.7.2/../../../../avr/lib/avr5\libm.a(fp_rempio2.o)
 .data          0x00800100        0x0 c:/program files (x86)/atmel/atmel toolchain/avr8 gcc/native/3.4.2.1002/avr8-gnu-toolchain/bin/../lib/gcc/avr/4.7.2/../../../../avr/lib/avr5\libm.a(fp_round.o)
 .data          0x00800100        0x0 c:/program files (x86)/atmel/atmel toolchain/avr8 gcc/native/3.4.2.1002/avr8-gnu-toolchain/bin/../lib/gcc/avr/4.7.2/../../../../avr/lib/avr5\libm.a(fp_sinus.o)
 .data          0x00800100        0x0 c:/program files (x86)/atmel/atmel toolchain/avr8 gcc/native/3.4.2.1002/avr8-gnu-toolchain/bin/../lib/gcc/avr/4.7.2/../../../../avr/lib/avr5\libm.a(fp_split3.o)
 .data          0x00800100        0x0 c:/program files (x86)/atmel/atmel toolchain/avr8 gcc/native/3.4.2.1002/avr8-gnu-toolchain/bin/../lib/gcc/avr/4.7.2/../../../../avr/lib/avr5\libm.a(fp_zero.o)
 .data          0x00800100        0x0 c:/program files (x86)/atmel/atmel toolchain/avr8 gcc/native/3.4.2.1002/avr8-gnu-toolchain/bin/../lib/gcc/avr/4.7.2/../../../../avr/lib/avr5\libm.a(gesf2.o)
 .data          0x00800100        0x0 c:/program files (x86)/atmel/atmel toolchain/avr8 gcc/native/3.4.2.1002/avr8-gnu-toolchain/bin/../lib/gcc/avr/4.7.2/../../../../avr/lib/avr5\libm.a(inverse.o)
 .data          0x00800100        0x0 c:/program files (x86)/atmel/atmel toolchain/avr8 gcc/native/3.4.2.1002/avr8-gnu-toolchain/bin/../lib/gcc/avr/4.7.2/../../../../avr/lib/avr5\libm.a(mulsf3.o)
 .data          0x00800100        0x0 c:/program files (x86)/atmel/atmel toolchain/avr8 gcc/native/3.4.2.1002/avr8-gnu-toolchain/bin/../lib/gcc/avr/4.7.2/../../../../avr/lib/avr5\libm.a(mulsf3x.o)
 .data          0x00800100        0x0 c:/program files (x86)/atmel/atmel toolchain/avr8 gcc/native/3.4.2.1002/avr8-gnu-toolchain/bin/../lib/gcc/avr/4.7.2/../../../../avr/lib/avr5\libm.a(sin.o)
 .data          0x00800100        0x0 c:/program files (x86)/atmel/atmel toolchain/avr8 gcc/native/3.4.2.1002/avr8-gnu-toolchain/bin/../lib/gcc/avr/4.7.2/../../../../avr/lib/avr5\libm.a(sqrt.o)
 .data          0x00800100        0x0 c:/program files (x86)/atmel/atmel toolchain/avr8 gcc/native/3.4.2.1002/avr8-gnu-toolchain/bin/../lib/gcc/avr/4.7.2/../../../../avr/lib/avr5\libm.a(square.o)
 .data          0x00800100        0x0 c:/program files (x86)/atmel/atmel toolchain/avr8 gcc/native/3.4.2.1002/avr8-gnu-toolchain/bin/../lib/gcc/avr/4.7.2/../../../../avr/lib/avr5\libm.a(fp_mpack.o)
 .data          0x00800100        0x0 c:/program files (x86)/atmel/atmel toolchain/avr8 gcc/native/3.4.2.1002/avr8-gnu-toolchain/bin/../lib/gcc/avr/4.7.2/../../../../avr/lib/avr5\libm.a(fp_norm2.o)
 .data          0x00800100        0x0 c:/program files (x86)/atmel/atmel toolchain/avr8 gcc/native/3.4.2.1002/avr8-gnu-toolchain/bin/../lib/gcc/avr/4.7.2/../../../../avr/lib/avr5\libm.a(fp_powsodd.o)
 .data          0x00800100        0x0 c:/program files (x86)/atmel/atmel toolchain/avr8 gcc/native/3.4.2.1002/avr8-gnu-toolchain/bin/../lib/gcc/avr/4.7.2/avr5\libgcc.a(_exit.o)
 .data          0x00800100        0x0 c:/program files (x86)/atmel/atmel toolchain/avr8 gcc/native/3.4.2.1002/avr8-gnu-toolchain/bin/../lib/gcc/avr/4.7.2/avr5\libgcc.a(_tablejump.o)
 .data          0x00800100        0x0 c:/program files (x86)/atmel/atmel toolchain/avr8 gcc/native/3.4.2.1002/avr8-gnu-toolchain/bin/../lib/gcc/avr/4.7.2/avr5\libgcc.a(_copy_data.o)
 .data          0x00800100        0x0 c:/program files (x86)/atmel/atmel toolchain/avr8 gcc/native/3.4.2.1002/avr8-gnu-toolchain/bin/../lib/gcc/avr/4.7.2/avr5\libgcc.a(_clear_bss.o)
 .data          0x00800100        0x0 c:/program files (x86)/atmel/atmel toolchain/avr8 gcc/native/3.4.2.1002/avr8-gnu-toolchain/bin/../lib/gcc/avr/4.7.2/../../../../avr/lib/avr5\libc.a(itoa.o)
 .data          0x00800100        0x0 c:/program files (x86)/atmel/atmel toolchain/avr8 gcc/native/3.4.2.1002/avr8-gnu-toolchain/bin/../lib/gcc/avr/4.7.2/../../../../avr/lib/avr5\libc.a(ltoa.o)
 .data          0x00800100        0x0 c:/program files (x86)/atmel/atmel toolchain/avr8 gcc/native/3.4.2.1002/avr8-gnu-toolchain/bin/../lib/gcc/avr/4.7.2/../../../../avr/lib/avr5\libc.a(ultoa.o)
 .data          0x00800100        0x0 c:/program files (x86)/atmel/atmel toolchain/avr8 gcc/native/3.4.2.1002/avr8-gnu-toolchain/bin/../lib/gcc/avr/4.7.2/../../../../avr/lib/avr5\libc.a(utoa.o)
 .data          0x00800100        0x0 c:/program files (x86)/atmel/atmel toolchain/avr8 gcc/native/3.4.2.1002/avr8-gnu-toolchain/bin/../lib/gcc/avr/4.7.2/../../../../avr/lib/avr5\libc.a(strrev.o)
 .data          0x00800100        0x0 c:/program files (x86)/atmel/atmel toolchain/avr8 gcc/native/3.4.2.1002/avr8-gnu-toolchain/bin/../lib/gcc/avr/4.7.2/avr5\libgcc.a(_udivmodhi4.o)
 .data          0x00800100        0x0 c:/program files (x86)/atmel/atmel toolchain/avr8 gcc/native/3.4.2.1002/avr8-gnu-toolchain/bin/../lib/gcc/avr/4.7.2/avr5\libgcc.a(_udivmodsi4.o)
 *(.data*)
 .data.cdc_line_coding
                0x00800100        0x7 m_usb.o
 *(.rodata)
 *(.rodata*)
 *(.gnu.linkonce.d*)
                0x00800108                . = ALIGN (0x2)
 *fill*         0x00800107        0x1 
                0x00800108                _edata = .
                0x00800108                PROVIDE (__data_end, .)

.bss            0x00800108        0x3
                0x00800108                PROVIDE (__bss_start, .)
 *(.bss)
 *(.bss*)
 .bss.transmit_flush_timer
                0x00800108        0x1 m_usb.o
 .bss.usb_configuration
                0x00800109        0x1 m_usb.o
 .bss.cdc_line_rtsdtr
                0x0080010a        0x1 m_usb.o
 *(COMMON)
                0x0080010b                PROVIDE (__bss_end, .)
                0x000009c8                __data_load_start = LOADADDR (.data)
                0x000009d0                __data_load_end = (__data_load_start + SIZEOF (.data))

.noinit         0x0080010b        0x0
                0x0080010b                PROVIDE (__noinit_start, .)
 *(.noinit*)
                0x0080010b                PROVIDE (__noinit_end, .)
                0x0080010b                _end = .
                0x0080010b                PROVIDE (__heap_start, .)

.eeprom         0x00810000        0x0
 *(.eeprom*)
                0x00810000                __eeprom_end = .

.fuse
 *(.fuse)
 *(.lfuse)
 *(.hfuse)
 *(.efuse)

.lock
 *(.lock*)

.signature
 *(.signature*)

.user_signatures
 *(.user_signatures*)

.stab           0x00000000     0x36e4
 *(.stab)
 .stab          0x00000000      0x6cc c:/program files (x86)/atmel/atmel toolchain/avr8 gcc/native/3.4.2.1002/avr8-gnu-toolchain/bin/../lib/gcc/avr/4.7.2/../../../../avr/lib/avr5/crtm32u4.o
 .stab          0x000006cc       0x78 c:/program files (x86)/atmel/atmel toolchain/avr8 gcc/native/3.4.2.1002/avr8-gnu-toolchain/bin/../lib/gcc/avr/4.7.2/../../../../avr/lib/avr5\libm.a(addsf3.o)
                                 0x84 (size before relaxing)
 .stab          0x00000744      0x4bc c:/program files (x86)/atmel/atmel toolchain/avr8 gcc/native/3.4.2.1002/avr8-gnu-toolchain/bin/../lib/gcc/avr/4.7.2/../../../../avr/lib/avr5\libm.a(addsf3x.o)
                                0x4c8 (size before relaxing)
 .stab          0x00000c00      0x2f4 c:/program files (x86)/atmel/atmel toolchain/avr8 gcc/native/3.4.2.1002/avr8-gnu-toolchain/bin/../lib/gcc/avr/4.7.2/../../../../avr/lib/avr5\libm.a(atan2.o)
                                0x300 (size before relaxing)
 .stab          0x00000ef4      0x210 c:/program files (x86)/atmel/atmel toolchain/avr8 gcc/native/3.4.2.1002/avr8-gnu-toolchain/bin/../lib/gcc/avr/4.7.2/../../../../avr/lib/avr5\libm.a(atan.o)
                                0x21c (size before relaxing)
 .stab          0x00001104       0x90 c:/program files (x86)/atmel/atmel toolchain/avr8 gcc/native/3.4.2.1002/avr8-gnu-toolchain/bin/../lib/gcc/avr/4.7.2/../../../../avr/lib/avr5\libm.a(cmpsf2.o)
                                 0x9c (size before relaxing)
 .stab          0x00001194       0x54 c:/program files (x86)/atmel/atmel toolchain/avr8 gcc/native/3.4.2.1002/avr8-gnu-toolchain/bin/../lib/gcc/avr/4.7.2/../../../../avr/lib/avr5\libm.a(cos.o)
                                 0x60 (size before relaxing)
 .stab          0x000011e8       0x48 c:/program files (x86)/atmel/atmel toolchain/avr8 gcc/native/3.4.2.1002/avr8-gnu-toolchain/bin/../lib/gcc/avr/4.7.2/../../../../avr/lib/avr5\libm.a(divsf3.o)
                                 0x54 (size before relaxing)
 .stab          0x00001230      0x510 c:/program files (x86)/atmel/atmel toolchain/avr8 gcc/native/3.4.2.1002/avr8-gnu-toolchain/bin/../lib/gcc/avr/4.7.2/../../../../avr/lib/avr5\libm.a(divsf3x.o)
                                0x51c (size before relaxing)
 .stab          0x00001740       0x6c c:/program files (x86)/atmel/atmel toolchain/avr8 gcc/native/3.4.2.1002/avr8-gnu-toolchain/bin/../lib/gcc/avr/4.7.2/../../../../avr/lib/avr5\libm.a(fixsfsi.o)
                                 0x78 (size before relaxing)
 .stab          0x000017ac      0x240 c:/program files (x86)/atmel/atmel toolchain/avr8 gcc/native/3.4.2.1002/avr8-gnu-toolchain/bin/../lib/gcc/avr/4.7.2/../../../../avr/lib/avr5\libm.a(fixunssfsi.o)
                                0x24c (size before relaxing)
 .stab          0x000019ec      0x318 c:/program files (x86)/atmel/atmel toolchain/avr8 gcc/native/3.4.2.1002/avr8-gnu-toolchain/bin/../lib/gcc/avr/4.7.2/../../../../avr/lib/avr5\libm.a(floatsisf.o)
                                0x324 (size before relaxing)
 .stab          0x00001d04      0x1e0 c:/program files (x86)/atmel/atmel toolchain/avr8 gcc/native/3.4.2.1002/avr8-gnu-toolchain/bin/../lib/gcc/avr/4.7.2/../../../../avr/lib/avr5\libm.a(fp_cmp.o)
                                0x1ec (size before relaxing)
 .stab          0x00001ee4       0x78 c:/program files (x86)/atmel/atmel toolchain/avr8 gcc/native/3.4.2.1002/avr8-gnu-toolchain/bin/../lib/gcc/avr/4.7.2/../../../../avr/lib/avr5\libm.a(fp_inf.o)
                                 0x84 (size before relaxing)
 .stab          0x00001f5c       0x54 c:/program files (x86)/atmel/atmel toolchain/avr8 gcc/native/3.4.2.1002/avr8-gnu-toolchain/bin/../lib/gcc/avr/4.7.2/../../../../avr/lib/avr5\libm.a(fp_nan.o)
                                 0x60 (size before relaxing)
 .stab          0x00001fb0      0x1ec c:/program files (x86)/atmel/atmel toolchain/avr8 gcc/native/3.4.2.1002/avr8-gnu-toolchain/bin/../lib/gcc/avr/4.7.2/../../../../avr/lib/avr5\libm.a(fp_powser.o)
                                0x1f8 (size before relaxing)
 .stab          0x0000219c       0x84 c:/program files (x86)/atmel/atmel toolchain/avr8 gcc/native/3.4.2.1002/avr8-gnu-toolchain/bin/../lib/gcc/avr/4.7.2/../../../../avr/lib/avr5\libm.a(fp_pscA.o)
                                 0x90 (size before relaxing)
 .stab          0x00002220       0x84 c:/program files (x86)/atmel/atmel toolchain/avr8 gcc/native/3.4.2.1002/avr8-gnu-toolchain/bin/../lib/gcc/avr/4.7.2/../../../../avr/lib/avr5\libm.a(fp_pscB.o)
                                 0x90 (size before relaxing)
 .stab          0x000022a4      0x21c c:/program files (x86)/atmel/atmel toolchain/avr8 gcc/native/3.4.2.1002/avr8-gnu-toolchain/bin/../lib/gcc/avr/4.7.2/../../../../avr/lib/avr5\libm.a(fp_rempio2.o)
                                0x228 (size before relaxing)
 .stab          0x000024c0       0xfc c:/program files (x86)/atmel/atmel toolchain/avr8 gcc/native/3.4.2.1002/avr8-gnu-toolchain/bin/../lib/gcc/avr/4.7.2/../../../../avr/lib/avr5\libm.a(fp_round.o)
                                0x108 (size before relaxing)
 .stab          0x000025bc       0xfc c:/program files (x86)/atmel/atmel toolchain/avr8 gcc/native/3.4.2.1002/avr8-gnu-toolchain/bin/../lib/gcc/avr/4.7.2/../../../../avr/lib/avr5\libm.a(fp_sinus.o)
                                0x108 (size before relaxing)
 .stab          0x000026b8      0x1d4 c:/program files (x86)/atmel/atmel toolchain/avr8 gcc/native/3.4.2.1002/avr8-gnu-toolchain/bin/../lib/gcc/avr/4.7.2/../../../../avr/lib/avr5\libm.a(fp_split3.o)
                                0x1e0 (size before relaxing)
 .stab          0x0000288c       0x90 c:/program files (x86)/atmel/atmel toolchain/avr8 gcc/native/3.4.2.1002/avr8-gnu-toolchain/bin/../lib/gcc/avr/4.7.2/../../../../avr/lib/avr5\libm.a(fp_zero.o)
                                 0x9c (size before relaxing)
 .stab          0x0000291c       0x6c c:/program files (x86)/atmel/atmel toolchain/avr8 gcc/native/3.4.2.1002/avr8-gnu-toolchain/bin/../lib/gcc/avr/4.7.2/../../../../avr/lib/avr5\libm.a(gesf2.o)
                                 0x78 (size before relaxing)
 .stab          0x00002988       0x84 c:/program files (x86)/atmel/atmel toolchain/avr8 gcc/native/3.4.2.1002/avr8-gnu-toolchain/bin/../lib/gcc/avr/4.7.2/../../../../avr/lib/avr5\libm.a(inverse.o)
                                 0x90 (size before relaxing)
 .stab          0x00002a0c       0x48 c:/program files (x86)/atmel/atmel toolchain/avr8 gcc/native/3.4.2.1002/avr8-gnu-toolchain/bin/../lib/gcc/avr/4.7.2/../../../../avr/lib/avr5\libm.a(mulsf3.o)
                                 0x54 (size before relaxing)
 .stab          0x00002a54      0x4d4 c:/program files (x86)/atmel/atmel toolchain/avr8 gcc/native/3.4.2.1002/avr8-gnu-toolchain/bin/../lib/gcc/avr/4.7.2/../../../../avr/lib/avr5\libm.a(mulsf3x.o)
                                0x4e0 (size before relaxing)
 .stab          0x00002f28       0x78 c:/program files (x86)/atmel/atmel toolchain/avr8 gcc/native/3.4.2.1002/avr8-gnu-toolchain/bin/../lib/gcc/avr/4.7.2/../../../../avr/lib/avr5\libm.a(sin.o)
                                 0x84 (size before relaxing)
 .stab          0x00002fa0      0x354 c:/program files (x86)/atmel/atmel toolchain/avr8 gcc/native/3.4.2.1002/avr8-gnu-toolchain/bin/../lib/gcc/avr/4.7.2/../../../../avr/lib/avr5\libm.a(sqrt.o)
                                0x360 (size before relaxing)
 .stab          0x000032f4       0x54 c:/program files (x86)/atmel/atmel toolchain/avr8 gcc/native/3.4.2.1002/avr8-gnu-toolchain/bin/../lib/gcc/avr/4.7.2/../../../../avr/lib/avr5\libm.a(square.o)
                                 0x60 (size before relaxing)
 .stab          0x00003348       0xe4 c:/program files (x86)/atmel/atmel toolchain/avr8 gcc/native/3.4.2.1002/avr8-gnu-toolchain/bin/../lib/gcc/avr/4.7.2/../../../../avr/lib/avr5\libm.a(fp_mpack.o)
                                 0xf0 (size before relaxing)
 .stab          0x0000342c       0x84 c:/program files (x86)/atmel/atmel toolchain/avr8 gcc/native/3.4.2.1002/avr8-gnu-toolchain/bin/../lib/gcc/avr/4.7.2/../../../../avr/lib/avr5\libm.a(fp_norm2.o)
                                 0x90 (size before relaxing)
 .stab          0x000034b0       0xfc c:/program files (x86)/atmel/atmel toolchain/avr8 gcc/native/3.4.2.1002/avr8-gnu-toolchain/bin/../lib/gcc/avr/4.7.2/../../../../avr/lib/avr5\libm.a(fp_powsodd.o)
                                0x108 (size before relaxing)
 .stab          0x000035ac       0x18 c:/program files (x86)/atmel/atmel toolchain/avr8 gcc/native/3.4.2.1002/avr8-gnu-toolchain/bin/../lib/gcc/avr/4.7.2/../../../../avr/lib/avr5\libc.a(itoa.o)
                                0x1bc (size before relaxing)
 .stab          0x000035c4       0x18 c:/program files (x86)/atmel/atmel toolchain/avr8 gcc/native/3.4.2.1002/avr8-gnu-toolchain/bin/../lib/gcc/avr/4.7.2/../../../../avr/lib/avr5\libc.a(ltoa.o)
                                0x2a0 (size before relaxing)
 .stab          0x000035dc       0x18 c:/program files (x86)/atmel/atmel toolchain/avr8 gcc/native/3.4.2.1002/avr8-gnu-toolchain/bin/../lib/gcc/avr/4.7.2/../../../../avr/lib/avr5\libc.a(ultoa.o)
                                0x1ec (size before relaxing)
 .stab          0x000035f4       0x18 c:/program files (x86)/atmel/atmel toolchain/avr8 gcc/native/3.4.2.1002/avr8-gnu-toolchain/bin/../lib/gcc/avr/4.7.2/../../../../avr/lib/avr5\libc.a(utoa.o)
                                0x138 (size before relaxing)
 .stab          0x0000360c       0xd8 c:/program files (x86)/atmel/atmel toolchain/avr8 gcc/native/3.4.2.1002/avr8-gnu-toolchain/bin/../lib/gcc/avr/4.7.2/../../../../avr/lib/avr5\libc.a(strrev.o)
                                 0xe4 (size before relaxing)

.stabstr        0x00000000     0x1166
 *(.stabstr)
 .stabstr       0x00000000     0x1166 c:/program files (x86)/atmel/atmel toolchain/avr8 gcc/native/3.4.2.1002/avr8-gnu-toolchain/bin/../lib/gcc/avr/4.7.2/../../../../avr/lib/avr5/crtm32u4.o

.stab.excl
 *(.stab.excl)

.stab.exclstr
 *(.stab.exclstr)

.stab.index
 *(.stab.index)

.stab.indexstr
 *(.stab.indexstr)

.comment        0x00000000       0x2f
 *(.comment)
 .comment       0x00000000       0x2f LocalTest.o
                                 0x30 (size before relaxing)
 .comment       0x00000000       0x30 m_bus.o
 .comment       0x00000000       0x30 m_loc.o
 .comment       0x00000000       0x30 m_usb.o
 .comment       0x00000000       0x30 m_wii.o

.debug
 *(.debug)

.line
 *(.line)

.debug_srcinfo
 *(.debug_srcinfo)

.debug_sfnames
 *(.debug_sfnames)

.debug_aranges  0x00000000      0x250
 *(.debug_aranges)
 .debug_aranges
                0x00000000       0x88 LocalTest.o
 .debug_aranges
                0x00000088       0x58 m_bus.o
 .debug_aranges
                0x000000e0       0x40 m_loc.o
 .debug_aranges
                0x00000120       0xe0 m_usb.o
 .debug_aranges
                0x00000200       0x50 m_wii.o

.debug_pubnames
 *(.debug_pubnames)

.debug_info     0x00000000     0x20e3
 *(.debug_info)
 .debug_info    0x00000000      0x47e LocalTest.o
 .debug_info    0x0000047e      0x2de m_bus.o
 .debug_info    0x0000075c      0x521 m_loc.o
 .debug_info    0x00000c7d      0xd4c m_usb.o
 .debug_info    0x000019c9      0x71a m_wii.o
 *(.gnu.linkonce.wi.*)

.debug_abbrev   0x00000000      0x960
 *(.debug_abbrev)
 .debug_abbrev  0x00000000      0x2b5 LocalTest.o
 .debug_abbrev  0x000002b5      0x10e m_bus.o
 .debug_abbrev  0x000003c3      0x1cd m_loc.o
 .debug_abbrev  0x00000590      0x23a m_usb.o
 .debug_abbrev  0x000007ca      0x196 m_wii.o

.debug_line     0x00000000      0xe7d
 *(.debug_line)
 .debug_line    0x00000000      0x315 LocalTest.o
 .debug_line    0x00000315      0x18e m_bus.o
 .debug_line    0x000004a3      0x1ae m_loc.o
 .debug_line    0x00000651      0x53f m_usb.o
 .debug_line    0x00000b90      0x2ed m_wii.o

.debug_frame    0x00000000      0x70c
 *(.debug_frame)
 .debug_frame   0x00000000      0x12c LocalTest.o
 .debug_frame   0x0000012c       0xb8 m_bus.o
 .debug_frame   0x000001e4      0x14c m_loc.o
 .debug_frame   0x00000330      0x324 m_usb.o
 .debug_frame   0x00000654       0xb8 m_wii.o

.debug_str      0x00000000      0x744
 *(.debug_str)
 .debug_str     0x00000000      0x20f LocalTest.o
                                0x259 (size before relaxing)
 .debug_str     0x0000020f       0x8d m_bus.o
                                0x168 (size before relaxing)
 .debug_str     0x0000029c      0x115 m_loc.o
                                0x214 (size before relaxing)
 .debug_str     0x000003b1      0x348 m_usb.o
                                0x4a4 (size before relaxing)
 .debug_str     0x000006f9       0x4b m_wii.o
                                0x1ba (size before relaxing)

.debug_loc      0x00000000     0x26d0
 *(.debug_loc)
 .debug_loc     0x00000000      0x14c LocalTest.o
 .debug_loc     0x0000014c      0x23b m_bus.o
 .debug_loc     0x00000387      0x5d0 m_loc.o
 .debug_loc     0x00000957     0x18c9 m_usb.o
 .debug_loc     0x00002220      0x4b0 m_wii.o

.debug_macinfo
 *(.debug_macinfo)

.debug_pubtypes
 *(.debug_pubtypes)

.debug_ranges   0x00000000      0x280
 *(.debug_ranges)
 .debug_ranges  0x00000000       0x90 LocalTest.o
 .debug_ranges  0x00000090       0x48 m_bus.o
 .debug_ranges  0x000000d8       0x48 m_loc.o
 .debug_ranges  0x00000120      0x120 m_usb.o
 .debug_ranges  0x00000240       0x40 m_wii.o

.debug_macro
 *(.debug_macro)
OUTPUT(LocalTest.elf elf32-avr)
LOAD linker stubs
